2026-09-10T21:59:53.876 ENV julia=1.12.7 threads=8 cpu=Intel(R) Xeon(R) CPU E3-1275 v6 @ 3.80GHz pid=1013866 memory=(available = 33304424448, swap = 18665058304, rss = 565727232, peak = 0x0000000022d4b000)
2026-09-10T21:59:53.894 SOURCE path=/tmp/opencode/population-approved3/router/src/Reachability.jl bytes=29701 sha256=8765507d70f5c2a1f8623b315849ab3ae44c14dfa79d2754304ee84ca43d80d5
2026-09-10T21:59:53.894 SOURCE path=/tmp/opencode/population-approved3/router/src/catchup.jl bytes=6036 sha256=cc60fc5deede1be18c51f1052b28296d4e243522a18c8dd300d452de6a59dbb0
2026-09-10T21:59:53.894 SOURCE path=/tmp/opencode/population-approved3/router/src/missing_data.jl bytes=1307 sha256=c0526f17e0471f5a4dc6b45a794fbdb4fb1f9ba5d9451c9de2e2e5ef5526d7cf
2026-09-10T21:59:53.895 SOURCE path=/tmp/opencode/population-approved3/router/src/population.jl bytes=15091 sha256=1e5ec5d16536c50f55baa410f2adda61bf23279034af7a00248d9380ce78284c
2026-09-10T21:59:53.895 SOURCE path=/tmp/opencode/population-approved3/router/src/population_packed.jl bytes=17250 sha256=6539b373776e92ee93d5ec9f993d762bee743a836082a267810da1a9b2fb50f5
2026-09-10T21:59:53.895 SOURCE path=/tmp/opencode/population-approved3/router/src/population_range.jl bytes=5844 sha256=e8c4f78334f61effbbc2fb41a9278e7a2d8c1fcc67a89ba3d53203f674093812
2026-09-10T21:59:53.895 SOURCE path=/tmp/opencode/population-approved3/router/src/walking.jl bytes=9593 sha256=a4394cd1c8e5fd0ea88d87af9ce5b45b4ba7f2d18110f477dd0ae47b96efe5d0
2026-09-10T21:59:53.895 SOURCE path=/tmp/opencode/population-approved3/router/src/walking_catchup.jl bytes=12438 sha256=3a8f44ba29a7ad4286215dede44fe7f4f1d052937a4d7437f59c8838ba80af40
2026-09-10T21:59:53.895 SOURCE path=/tmp/opencode/population-approved3/router/src/walking_geometry.jl bytes=13889 sha256=00f1436a6767cba37acf8cdbf64ea0a2740cc22268683c9512b3eac2bf5a65f9
2026-09-10T21:59:53.895 SOURCE path=/tmp/opencode/population-approved3/router/src/walking_output.jl bytes=6326 sha256=0625078ab98435dc84066759a2b2853763861c2ff829b78db7fd80f9d63db6f3
2026-09-10T21:59:53.895 SOURCE path=/tmp/opencode/population-approved3/router/src/walking_window.jl bytes=5593 sha256=18820d429056b077ac2b48ffe10607052296add3146c159356df2d09cce44da9
2026-09-10T21:59:53.895 SOURCE path=/tmp/opencode/population-approved3/router/src/warmup.jl bytes=4520 sha256=fbf6eed61fd6d559da9597f073a470e53c7b26534b71d0dd3472a2265f9f3022
2026-09-10T21:59:53.895 SOURCE path=/tmp/opencode/population-approved3/router/src/websocket.jl bytes=4270 sha256=9a5d856825f9cfd3f912458d1ffe72aa0e64997ad83c54454af19b5b08075c45
2026-09-10T21:59:53.895 SOURCE path=/tmp/opencode/population-approved3/router/src/window.jl bytes=9177 sha256=efecaf1da514ac7a4233ee6e2980589923e06c176c5302274243fe0a5ee32967
2026-09-10T21:59:53.895 SOURCE path=/home/olie/projects/gtfs_ffs/router/src/Reachability.jl bytes=29701 sha256=8765507d70f5c2a1f8623b315849ab3ae44c14dfa79d2754304ee84ca43d80d5
2026-09-10T21:59:53.895 SOURCE path=/home/olie/projects/gtfs_ffs/router/src/catchup.jl bytes=6036 sha256=cc60fc5deede1be18c51f1052b28296d4e243522a18c8dd300d452de6a59dbb0
2026-09-10T21:59:53.895 SOURCE path=/home/olie/projects/gtfs_ffs/router/src/missing_data.jl bytes=1307 sha256=c0526f17e0471f5a4dc6b45a794fbdb4fb1f9ba5d9451c9de2e2e5ef5526d7cf
2026-09-10T21:59:53.895 SOURCE path=/home/olie/projects/gtfs_ffs/router/src/population.jl bytes=15091 sha256=1e5ec5d16536c50f55baa410f2adda61bf23279034af7a00248d9380ce78284c
2026-09-10T21:59:53.895 SOURCE path=/home/olie/projects/gtfs_ffs/router/src/population_packed.jl bytes=17250 sha256=6539b373776e92ee93d5ec9f993d762bee743a836082a267810da1a9b2fb50f5
2026-09-10T21:59:53.895 SOURCE path=/home/olie/projects/gtfs_ffs/router/src/population_range.jl bytes=5844 sha256=e8c4f78334f61effbbc2fb41a9278e7a2d8c1fcc67a89ba3d53203f674093812
2026-09-10T21:59:53.895 SOURCE path=/home/olie/projects/gtfs_ffs/router/src/walking.jl bytes=9593 sha256=a4394cd1c8e5fd0ea88d87af9ce5b45b4ba7f2d18110f477dd0ae47b96efe5d0
2026-09-10T21:59:53.895 SOURCE path=/home/olie/projects/gtfs_ffs/router/src/walking_catchup.jl bytes=12438 sha256=3a8f44ba29a7ad4286215dede44fe7f4f1d052937a4d7437f59c8838ba80af40
2026-09-10T21:59:53.896 SOURCE path=/home/olie/projects/gtfs_ffs/router/src/walking_geometry.jl bytes=13889 sha256=00f1436a6767cba37acf8cdbf64ea0a2740cc22268683c9512b3eac2bf5a65f9
2026-09-10T21:59:53.896 SOURCE path=/home/olie/projects/gtfs_ffs/router/src/walking_output.jl bytes=6326 sha256=0625078ab98435dc84066759a2b2853763861c2ff829b78db7fd80f9d63db6f3
2026-09-10T21:59:53.896 SOURCE path=/home/olie/projects/gtfs_ffs/router/src/walking_window.jl bytes=5593 sha256=18820d429056b077ac2b48ffe10607052296add3146c159356df2d09cce44da9
2026-09-10T21:59:53.896 SOURCE path=/home/olie/projects/gtfs_ffs/router/src/warmup.jl bytes=4520 sha256=fbf6eed61fd6d559da9597f073a470e53c7b26534b71d0dd3472a2265f9f3022
2026-09-10T21:59:53.896 SOURCE path=/home/olie/projects/gtfs_ffs/router/src/websocket.jl bytes=4270 sha256=9a5d856825f9cfd3f912458d1ffe72aa0e64997ad83c54454af19b5b08075c45
2026-09-10T21:59:53.896 SOURCE path=/home/olie/projects/gtfs_ffs/router/src/window.jl bytes=9177 sha256=efecaf1da514ac7a4233ee6e2980589923e06c176c5302274243fe0a5ee32967
2026-09-10T22:00:32.730 INPUT file=everything_res6.arrow bytes=7394123842 rows=205357244 sha256=ffb1f5ebc8a43dcf3bb387667aa9d925af4c8363ead983c85ce4ecd19a3b550e
2026-09-10T22:01:09.127 INPUT file=everything_res7.arrow bytes=7397939938 rows=205463043 sha256=614ac1a6a5b87d35c6e83c057a64161005fb339e80a369f4065709e3d33309d7
2026-09-10T22:01:49.678 INPUT file=everything_res8.arrow bytes=7402563314 rows=205591459 sha256=eb0b3d7e26bed7535522a4ce34aa1f4439053676a3d99356e8887c1b86b06ada
2026-09-10T22:01:52.011 INPUT file=kontur_h3.arrow bytes=234395250 rows=32957699 sha256=c21eaf6c3eb65563e80f2055347ad13f979014a190f8472817c25a591f427eb3
[ Info: Startup: Opening Arrow file /home/olie/projects/gtfs_ffs/data/everything_res7.arrow
┌ Info: Startup complete: Opening Arrow file /home/olie/projects/gtfs_ffs/data/everything_res7.arrow
└   elapsed_s = 0.044610821
[ Info: Startup: Validating and filtering rows
┌ Warning: Skipping 88936 of 205463043 connections: duration_ms outside the two-day UInt32 profile range (3205 negative, 85731 overflowing; range (-20280000, 1767361200000))
└ @ Main.Frozen.Reachability /tmp/opencode/population-approved3/router/src/Reachability.jl:99
┌ Info: Startup complete: Validating and filtering rows
└   elapsed_s = 136.898442402
[ Info: Startup: Materializing sort columns
┌ Info: Startup complete: Materializing sort columns
└   elapsed_s = 20.895820747
[ Info: Startup: Indexing and validating H3 endpoints
┌ Info: Startup complete: Indexing and validating H3 endpoints
└   elapsed_s = 3.775926879
┌ Info: Added Elvas-Badajoz fantasy rail shuttle
│   resolution = 7
└   connections = 2342
[ Info: Startup: Sorting connections by edge
┌ Info: Startup complete: Sorting connections by edge
└   elapsed_s = 37.379641013
[ Info: Startup: Packing daily profiles
┌ Info: Startup complete: Packing daily profiles
└   elapsed_s = 31.026721899
2026-09-10T22:05:47.455 RUN pack seconds=233.431321348 wall_s=235.34833192825317 own_cpu_s=103.23000000000002 bytes=39932526304 rss=23303884800 external_cpu_s=412.85 external_cores=1.7542083116436062 shared_host=true faults=427
┌ Info: Preparing resident walking adjacency
│   workers = 8
│   nodes = 379305
└   max_walk_h = 1.0
[ Info: Startup: Enumerating walking geometry
┌ Info: Startup complete: Enumerating walking geometry
└   elapsed_s = 7.397719153
[ Info: Startup: Packing walking adjacency
┌ Info: Startup complete: Packing walking adjacency
└   elapsed_s = 0.521549283
[ Info: Startup: Indexing walking output IDs
┌ Info: Startup complete: Indexing walking output IDs
└   elapsed_s = 0.263735027
2026-09-10T22:05:57.268 RUN walking seconds=8.457670226 wall_s=9.138877868652344 own_cpu_s=50.880000000000024 bytes=1987542960 rss=13409259520 external_cpu_s=14.009999999999977 external_cores=1.5330109671403178 shared_host=true faults=0
[ Info: Startup: Opening population file /home/olie/projects/gtfs_ffs/data/kontur_h3.arrow
┌ Info: Startup complete: Opening population file /home/olie/projects/gtfs_ffs/data/kontur_h3.arrow
└   elapsed_s = 0.166109902
[ Info: Startup: Validating population rows
┌ Info: Startup complete: Validating population rows
└   elapsed_s = 0.485397537
[ Info: Startup: Checking population cell uniqueness
┌ Info: Startup complete: Checking population cell uniqueness
└   elapsed_s = 1.067914685
2026-09-10T22:05:59.703 RUN population seconds=2.012765157 wall_s=2.1090471744537354 own_cpu_s=2.909999999999968 bytes=2138952920 rss=7457079296 external_cpu_s=7.110000000000031 external_cores=3.371190595507468 shared_host=true faults=0
[ Info: Startup: Aggregating population at res7
┌ Info: Startup complete: Aggregating population at res7
└   elapsed_s = 2.352583065
[ Info: Startup: Preparing indexed population weights and walks
┌ Info: Startup complete: Preparing indexed population weights and walks
└   elapsed_s = 0.49465068
2026-09-10T22:06:03.690 RUN sidecar seconds=3.613390875 wall_s=3.8053979873657227 own_cpu_s=3.7999999999999545 bytes=1119901800 rss=7423930368 external_cpu_s=14.080000000000044 external_cores=3.7000072125824848 shared_host=true faults=0
2026-09-10T22:06:03.746 GRAPH nodes=379305 edges=1471782 profiles=192645963 walks=3737032 population_walks=6038589 memory=(available = 26735284224, swap = 21135446016, rss = 7440384000, peak = 0x000000056d5b4000)
2026-09-10T22:06:03.786 ORIGIN name=Paris h3=871fb4660ffffff coordinates=H3.Lib.LatLng(0.8531021315107716, 0.04137474662639373) on_graph=true disk18=1027 disk57=9919
2026-09-10T22:06:03.786 ORIGIN name=rural h3=871f94d80ffffff coordinates=H3.Lib.LatLng(0.813286259636663, 0.04350619021765001) on_graph=false disk18=1027 disk57=9919
2026-09-10T22:06:03.786 RESIDENT next=/tmp/opencode/population-approved3/command-1.jl
2026-09-10T22:07:13.454 HINTS bins=8 bytes=47097024 build_s=0.217456983
2026-09-10T22:07:14.132 SOURCE file=population-approved3-candidates.jl sha256=c0bc5dc2857dee09d8ca25d93c38a34b8c9e397820f3354e21294bb9b34a6119
2026-09-10T22:07:14.132 SOURCE file=population-approved3-kernels.jl sha256=43f3f6ea101a3fc64e9e133fa3fa6322a7082a4ac95d6f0243ba93b6764a60f9
2026-09-10T22:07:14.132 SOURCE file=population-approved3-trials.jl sha256=9a19e8fb3a3eacb85bf6be5ac42214a68d8541809e8f1d1c32f1fa335c98a440
2026-09-10T22:07:14.459 REAL_HINT_PARITY n=100000 PASS
2026-09-10T22:07:29.788 RUN Paris-1027 baseline warm seconds=13.22945548 wall_s=13.260524034500122 own_cpu_s=79.97999999999996 bytes=2023447936 rss=8816590848 external_cpu_s=13.870000000000033 external_cores=1.0459616802408582 shared_host=true faults=0
2026-09-10T22:07:42.699 RUN Paris-1027 simd warm seconds=12.746467988 wall_s=12.779853105545044 own_cpu_s=77.81 bytes=1963464096 rss=10592985088 external_cpu_s=10.539999999999992 external_cores=0.8247356141696807 shared_host=true faults=0
2026-09-10T22:07:55.841 RUN Paris-1027 vector warm seconds=12.712576977 wall_s=12.740542888641357 own_cpu_s=78.67000000000002 bytes=1971150352 rss=10656108544 external_cpu_s=7.379999999999981 external_cores=0.5792531813208298 shared_host=true faults=0
2026-09-10T22:08:09.055 RUN Paris-1027 radix warm seconds=12.970689383 wall_s=12.9998300075531 own_cpu_s=80.36000000000001 bytes=1984379688 rss=10894950400 external_cpu_s=8.73999999999998 external_cores=0.672316483748011 shared_host=true faults=0
2026-09-10T22:08:21.380 RUN Paris-1027 hint8 warm seconds=12.078083245 wall_s=12.108206987380981 own_cpu_s=72.78999999999996 bytes=1960560848 rss=10851610624 external_cpu_s=9.380000000000038 external_cores=0.7746811736680546 shared_host=true faults=0
2026-09-10T22:08:32.134 RUN Paris-1027 baseline pair=1 seconds=10.508661081 wall_s=10.535868167877197 own_cpu_s=73.47000000000003 bytes=1817460448 rss=10850934784 external_cpu_s=6.999999999999972 external_cores=0.6643970756337164 shared_host=true faults=0
2026-09-10T22:08:42.981 RUN Paris-1027 simd pair=1 seconds=10.511332911 wall_s=10.537106990814209 own_cpu_s=72.80000000000007 bytes=1817478288 rss=10850959360 external_cpu_s=7.729999999999933 external_cores=0.7335979417062587 shared_host=true faults=0
2026-09-10T22:08:54.020 RUN Paris-1027 vector pair=1 seconds=10.793900372 wall_s=10.821516036987305 own_cpu_s=73.38 bytes=1817730376 rss=10852028416 external_cpu_s=8.490000000000009 external_cores=0.7845481142366457 shared_host=true faults=0
2026-09-10T22:09:05.246 RUN Paris-1027 radix pair=1 seconds=10.989695661 wall_s=11.017675876617432 own_cpu_s=75.88999999999999 bytes=1835670024 rss=10853601280 external_cpu_s=8.300000000000011 external_cores=0.7533349222602307 shared_host=true faults=0
2026-09-10T22:09:15.528 RUN Paris-1027 hint8 pair=1 seconds=10.044882253 wall_s=10.074221134185791 own_cpu_s=68.50999999999988 bytes=1817170976 rss=11068231680 external_cpu_s=8.240000000000123 external_cores=0.8179292364387918 shared_host=true faults=0
2026-09-10T22:09:25.597 RUN Paris-1027 hint8 pair=2 seconds=9.843227559 wall_s=9.84493112564087 own_cpu_s=68.25 bytes=1817008752 rss=10936274944 external_cpu_s=7.8700000000000045 external_cores=0.7993961460535557 shared_host=true faults=0
2026-09-10T22:09:36.676 RUN Paris-1027 radix pair=2 seconds=10.881659679 wall_s=10.881923913955688 own_cpu_s=75.62999999999988 bytes=1835487032 rss=10928279552 external_cpu_s=8.750000000000114 external_cores=0.8040857544297423 shared_host=true faults=0
2026-09-10T22:09:47.908 RUN Paris-1027 vector pair=2 seconds=11.054660532 wall_s=11.05496597290039 own_cpu_s=73.61999999999989 bytes=1817875344 rss=11064168448 external_cpu_s=10.640000000000114 external_cores=0.962463387592734 shared_host=true faults=0
2026-09-10T22:09:58.818 RUN Paris-1027 simd pair=2 seconds=10.712521522 wall_s=10.71283507347107 own_cpu_s=73.0 bytes=1817676728 rss=10875809792 external_cpu_s=9.340000000000003 external_cores=0.871851376031102 shared_host=true faults=0
2026-09-10T22:10:09.917 RUN Paris-1027 baseline pair=2 seconds=10.911139255 wall_s=10.911359071731567 own_cpu_s=72.72000000000003 bytes=1817821112 rss=10875777024 external_cpu_s=10.07999999999997 external_cores=0.9238079265592654 shared_host=true faults=0
2026-09-10T22:10:20.657 RUN Paris-1027 baseline pair=3 seconds=10.56387262 wall_s=10.564197063446045 own_cpu_s=73.0300000000002 bytes=1817568440 rss=10923778048 external_cpu_s=9.3299999999998 external_cores=0.8831717113914145 shared_host=true faults=0
2026-09-10T22:10:31.877 RUN Paris-1027 simd pair=3 seconds=11.043718172 wall_s=11.044055938720703 own_cpu_s=72.6400000000001 bytes=1817875344 rss=11088166912 external_cpu_s=11.689999999999898 external_cores=1.0584879382052477 shared_host=true faults=0
2026-09-10T22:10:43.145 RUN Paris-1027 vector pair=3 seconds=11.070477291 wall_s=11.070788860321045 own_cpu_s=73.75 bytes=1817875344 rss=10904645632 external_cpu_s=11.209999999999994 external_cores=1.0125746359573253 shared_host=true faults=0
2026-09-10T22:10:54.767 RUN Paris-1027 radix pair=3 seconds=11.425643234 wall_s=11.425930976867676 own_cpu_s=75.42999999999984 bytes=1835849272 rss=10952228864 external_cpu_s=11.98000000000016 external_cores=1.048492243148871 shared_host=true faults=0
2026-09-10T22:11:05.310 RUN Paris-1027 hint8 pair=3 seconds=10.353461348 wall_s=10.353665113449097 own_cpu_s=67.92999999999984 bytes=1817352160 rss=11004440576 external_cpu_s=11.160000000000167 external_cores=1.0778791739655231 shared_host=true faults=0
2026-09-10T22:11:15.447 RUN Paris-1027 hint8 pair=4 seconds=9.938583452 wall_s=9.942142963409424 own_cpu_s=67.69000000000005 bytes=1817081232 rss=11004440576 external_cpu_s=9.259999999999948 external_cores=0.931388739236601 shared_host=true faults=0
2026-09-10T22:11:26.938 RUN Paris-1027 radix pair=4 seconds=11.28164564 wall_s=11.282038927078247 own_cpu_s=75.81000000000017 bytes=1835775800 rss=10944716800 external_cpu_s=11.13999999999983 external_cores=0.9874101722218396 shared_host=true faults=0
2026-09-10T22:11:38.156 RUN Paris-1027 vector pair=4 seconds=11.020924975 wall_s=11.024330854415894 own_cpu_s=73.06999999999994 bytes=1817839248 rss=11082223616 external_cpu_s=10.97000000000007 external_cores=0.995071732231797 shared_host=true faults=0
2026-09-10T22:11:48.811 RUN Paris-1027 simd pair=4 seconds=10.456603686 wall_s=10.456931829452515 own_cpu_s=72.7199999999998 bytes=1817442192 rss=11095400448 external_cpu_s=6.430000000000206 external_cores=0.6149031192772781 shared_host=true faults=0
2026-09-10T22:11:59.239 RUN Paris-1027 baseline pair=4 seconds=10.249935575 wall_s=10.250275135040283 own_cpu_s=73.33999999999969 bytes=1817279968 rss=10958438400 external_cpu_s=4.680000000000305 external_cores=0.4565731103160201 shared_host=true faults=0
2026-09-10T22:12:09.654 RUN Paris-1027 baseline pair=5 seconds=10.248546791 wall_s=10.248913049697876 own_cpu_s=73.28999999999996 bytes=1817297520 rss=11095891968 external_cpu_s=5.340000000000032 external_cores=0.5210308619173472 shared_host=true faults=0
2026-09-10T22:12:20.250 RUN Paris-1027 simd pair=5 seconds=10.408767926 wall_s=10.40909194946289 own_cpu_s=72.48999999999978 bytes=1817406096 rss=10939211776 external_cpu_s=5.980000000000217 external_cores=0.5744977591737755 shared_host=true faults=0
2026-09-10T22:12:30.764 RUN Paris-1027 vector pair=5 seconds=10.332680862 wall_s=10.334768056869507 own_cpu_s=73.61000000000013 bytes=1817387264 rss=11017379840 external_cpu_s=5.889999999999873 external_cores=0.5699208697852486 shared_host=true faults=0
2026-09-10T22:12:41.587 RUN Paris-1027 radix pair=5 seconds=10.628988126 wall_s=10.629295825958252 own_cpu_s=75.57000000000016 bytes=1835289000 rss=11152904192 external_cpu_s=6.609999999999843 external_cores=0.6218662184429267 shared_host=true faults=0
2026-09-10T22:12:51.570 RUN Paris-1027 hint8 pair=5 seconds=9.798193418 wall_s=9.79867696762085 own_cpu_s=68.12000000000035 bytes=1816972656 rss=11042750464 external_cpu_s=6.749999999999659 external_cores=0.6888685097288783 shared_host=true faults=0
2026-09-10T22:12:53.632 PAIRED label=Paris-1027 name=baseline n=5 wall=10.535868167877197 cpu=73.28999999999996 wall_ratio=1.0 ratio_range=(1.0, 1.0) cpu_ratio=1.0 external=(0.4565731103160201, 0.9238079265592654) bytes=1.817460448e9 rss=11095891968
2026-09-10T22:12:53.632 PAIRED label=Paris-1027 name=simd n=5 wall=10.537106990814209 cpu=72.7199999999998 wall_ratio=0.9846116356217528 ratio_range=(0.9565504849000028, 1.0185314155309007) cpu_ratio=1.008525852585257 external=(0.5744977591737755, 1.0584879382052477) bytes=1.817478288e9 rss=11095400448
2026-09-10T22:12:53.633 PAIRED label=Paris-1027 name=vector n=5 wall=11.024330854415894 cpu=73.61000000000013 wall_ratio=0.9736037105952826 ratio_range=(0.9297866029605275, 0.9916926043526867) cpu_ratio=0.995652764570029 external=(0.5699208697852486, 1.0125746359573253) bytes=1.817839248e9 rss=11082223616
2026-09-10T22:12:53.633 PAIRED label=Paris-1027 name=radix n=5 wall=11.017675876617432 cpu=75.62999999999988 wall_ratio=0.9562695695411803 ratio_range=(0.9085481091931347, 1.0027049589767971) cpu_ratio=0.9681117406772967 external=(0.6218662184429267, 1.048492243148871) bytes=1.835670024e9 rss=11152904192
2026-09-10T22:12:53.633 PAIRED label=Paris-1027 name=hint8 n=5 wall=9.942142963409424 cpu=68.12000000000035 wall_ratio=1.0458245880790582 ratio_range=(1.0203340505695393, 1.108322540044309) cpu_ratio=1.0750772854409005 external=(0.6888685097288783, 1.0778791739655231) bytes=1.817081232e9 rss=11068231680
2026-09-10T22:12:53.633 APPROVED_FIRST_PHASE_COMPLETE
2026-09-10T22:12:53.633 RESIDENT next=/tmp/opencode/population-approved3/command-2.jl
2026-09-10T22:13:58.206 RUN Paris-9919 baseline warm seconds=31.850675552 wall_s=31.88100290298462 own_cpu_s=215.83000000000038 bytes=1879738832 rss=11057844224 external_cpu_s=32.059999999999604 external_cores=1.0056145378349508 shared_host=true faults=0
2026-09-10T22:14:28.610 RUN Paris-9919 hint8 warm seconds=30.155085271 wall_s=30.193193912506104 own_cpu_s=201.39000000000033 bytes=1879661488 rss=11119591424 external_cpu_s=32.939999999999685 external_cores=1.0909743465846402 shared_host=true faults=0
2026-09-10T22:15:00.679 RUN Paris-9919 baseline pair=1 seconds=31.844004541 wall_s=31.8764431476593 own_cpu_s=216.78999999999996 bytes=1881356064 rss=11120009216 external_cpu_s=30.07000000000005 external_cores=0.9433298395529459 shared_host=true faults=0
2026-09-10T22:15:30.753 RUN Paris-9919 hint8 pair=1 seconds=29.853878413 wall_s=29.880422115325928 own_cpu_s=203.36000000000013 bytes=1878815544 rss=10940719104 external_cpu_s=28.09999999999988 external_cores=0.9404150949255549 shared_host=true faults=0
2026-09-10T22:16:02.059 RUN Paris-9919 hint8 pair=2 seconds=31.108772326 wall_s=31.10908603668213 own_cpu_s=203.3699999999999 bytes=1880275120 rss=11161792512 external_cpu_s=38.1700000000001 external_cores=1.2269727228563427 shared_host=true faults=0
2026-09-10T22:16:36.207 RUN Paris-9919 baseline pair=2 seconds=33.974949916 wall_s=33.9752299785614 own_cpu_s=218.87999999999965 bytes=1883447280 rss=11114201088 external_cpu_s=46.43000000000035 external_cores=1.3665838326715667 shared_host=true faults=0
2026-09-10T22:17:15.886 RUN Paris-9919 baseline pair=3 seconds=39.336171066 wall_s=39.336524963378906 own_cpu_s=224.21000000000004 bytes=1887166608 rss=11113545728 external_cpu_s=84.33999999999997 external_cores=2.1440633121130532 shared_host=true faults=0
2026-09-10T22:17:46.474 RUN Paris-9919 hint8 pair=3 seconds=30.371654767 wall_s=30.372217178344727 own_cpu_s=202.94999999999982 bytes=1879751816 rss=11114082304 external_cpu_s=34.170000000000186 external_cores=1.1250413428613062 shared_host=true faults=0
2026-09-10T22:17:46.799 PAIRED label=Paris-9919 name=baseline n=3 wall=33.9752299785614 cpu=218.87999999999965 wall_ratio=1.0 ratio_range=(1.0, 1.0) cpu_ratio=1.0 external=(0.9433298395529459, 2.1440633121130532) bytes=1.88344728e9 rss=11120009216
2026-09-10T22:17:46.799 PAIRED label=Paris-9919 name=hint8 n=3 wall=30.372217178344727 cpu=203.36000000000013 wall_ratio=1.0921320523045799 ratio_range=(1.0668002956795446, 1.2951482841175552) cpu_ratio=1.0762649358312424 external=(0.9404150949255549, 1.2269727228563427) bytes=1.879751816e9 rss=11161792512
2026-09-10T22:17:47.293 RUN rural-1027 baseline warm seconds=0.297923309 wall_s=0.3009049892425537 own_cpu_s=1.1900000000005093 bytes=619685840 rss=9995669504 external_cpu_s=0.6799999999994908 external_cores=2.259849534935281 shared_host=true faults=0
2026-09-10T22:17:48.047 RUN rural-1027 hint8 warm seconds=0.487875305 wall_s=0.4882650375366211 own_cpu_s=1.3100000000004002 bytes=619873736 rss=8827777024 external_cpu_s=2.1799999999996 external_cores=4.464788244921375 shared_host=true faults=0
2026-09-10T22:17:48.481 RUN rural-1027 baseline pair=1 seconds=0.292887974 wall_s=0.29311084747314453 own_cpu_s=1.1599999999998545 bytes=619604200 rss=8824946688 external_cpu_s=0.7400000000001454 external_cores=2.5246421494787765 shared_host=true faults=0
2026-09-10T22:17:49.025 RUN rural-1027 hint8 pair=1 seconds=0.395205085 wall_s=0.3954288959503174 own_cpu_s=1.2400000000006912 bytes=619674432 rss=8617340928 external_cpu_s=1.459999999999309 external_cores=3.6921935016674827 shared_host=true faults=0
2026-09-10T22:17:49.405 RUN rural-1027 hint8 pair=2 seconds=0.275288983 wall_s=0.2755098342895508 own_cpu_s=1.1300000000001091 bytes=619618600 rss=8563068928 external_cpu_s=0.45999999999989094 external_cores=1.6696318706229838 shared_host=true faults=0
2026-09-10T22:17:49.824 RUN rural-1027 baseline pair=2 seconds=0.316567944 wall_s=0.31683802604675293 own_cpu_s=1.25 bytes=619744856 rss=8782745600 external_cpu_s=0.29000000000000004 external_cores=0.9152941760759719 shared_host=true faults=0
2026-09-10T22:17:50.194 RUN rural-1027 baseline pair=3 seconds=0.266105918 wall_s=0.2664511203765869 own_cpu_s=1.180000000000291 bytes=619670968 rss=8884281344 external_cpu_s=0.31999999999970896 external_cores=1.2009707429544267 shared_host=true faults=0
2026-09-10T22:17:50.581 RUN rural-1027 hint8 pair=3 seconds=0.254981697 wall_s=0.2551889419555664 own_cpu_s=1.1300000000001091 bytes=619630608 rss=8563093504 external_cpu_s=0.2899999999998908 external_cores=1.13641287815044 shared_host=true faults=0
2026-09-10T22:17:50.581 PAIRED label=rural-1027 name=baseline n=3 wall=0.29311084747314453 cpu=1.180000000000291 wall_ratio=1.0 ratio_range=(1.0, 1.0) cpu_ratio=1.0 external=(0.9152941760759719, 2.5246421494787765) bytes=6.19670968e8 rss=8884281344
2026-09-10T22:17:50.581 PAIRED label=rural-1027 name=hint8 n=3 wall=0.2755098342895508 cpu=1.1300000000001091 wall_ratio=1.0441327054954501 ratio_range=(0.7412479221295241, 1.1500062306805634) cpu_ratio=1.044247787610776 external=(1.13641287815044, 3.6921935016674827) bytes=6.19630608e8 rss=8617340928
2026-09-10T22:17:54.055 RUN rural-9919 baseline warm seconds=3.360051948 wall_s=3.360342025756836 own_cpu_s=15.840000000000146 bytes=1836674704 rss=9777446912 external_cpu_s=7.769999999999854 external_cores=2.3122646267681186 shared_host=true faults=0
2026-09-10T22:17:57.002 RUN rural-9919 hint8 warm seconds=2.827058218 wall_s=2.8273680210113525 own_cpu_s=15.5 bytes=1836159168 rss=10947158016 external_cpu_s=3.5700000000000003 external_cores=1.2626584065002644 shared_host=true faults=0
2026-09-10T22:18:00.079 RUN rural-9919 baseline pair=1 seconds=2.883933149 wall_s=2.884316921234131 own_cpu_s=15.8100000000004 bytes=1836461688 rss=10899361792 external_cpu_s=3.7599999999996 external_cores=1.3036015468060234 shared_host=true faults=0
2026-09-10T22:18:03.089 RUN rural-9919 hint8 pair=1 seconds=2.83691445 wall_s=2.837347984313965 own_cpu_s=15.1899999999996 bytes=1835929080 rss=10947014656 external_cpu_s=3.940000000000399 external_cores=1.3886206492056496 shared_host=true faults=0
2026-09-10T22:18:06.384 RUN rural-9919 hint8 pair=2 seconds=3.112742938 wall_s=3.112968921661377 own_cpu_s=15.210000000000036 bytes=1836302632 rss=11171332096 external_cpu_s=5.799999999999965 external_cores=1.8631731141422807 shared_host=true faults=0
2026-09-10T22:18:09.527 RUN rural-9919 baseline pair=2 seconds=2.946290781 wall_s=2.946650981903076 own_cpu_s=15.770000000000437 bytes=1836493656 rss=11192217600 external_cpu_s=5.119999999999564 external_cores=1.737565809946329 shared_host=true faults=0
2026-09-10T22:18:12.654 RUN rural-9919 baseline pair=3 seconds=2.918866158 wall_s=2.9192728996276855 own_cpu_s=15.699999999999818 bytes=1836179200 rss=10905268224 external_cpu_s=4.140000000000182 external_cores=1.418161351248862 shared_host=true faults=0
2026-09-10T22:18:15.728 RUN rural-9919 hint8 pair=3 seconds=2.887275376 wall_s=2.8875908851623535 own_cpu_s=15.61999999999989 bytes=1836421464 rss=10947043328 external_cpu_s=3.850000000000108 external_cores=1.3332913674797264 shared_host=true faults=0
2026-09-10T22:18:15.729 PAIRED label=rural-9919 name=baseline n=3 wall=2.9192728996276855 cpu=15.770000000000437 wall_ratio=1.0 ratio_range=(1.0, 1.0) cpu_ratio=1.0 external=(1.3036015468060234, 1.737565809946329) bytes=1.836461688e9 rss=11192217600
2026-09-10T22:18:15.729 PAIRED label=rural-9919 name=hint8 n=3 wall=2.8875908851623535 cpu=15.210000000000036 wall_ratio=1.0109717808807777 ratio_range=(0.9465725665935856, 1.0165538161620744) cpu_ratio=1.0368178829717554 external=(1.3332913674797264, 1.8631731141422807) bytes=1.836302632e9 rss=11171332096
2026-09-10T22:19:00.101 RUN Paris-127-B168 baseline warm seconds=43.687875128 wall_s=43.72812604904175 own_cpu_s=280.2399999999998 bytes=1433523552 rss=10090082304 external_cpu_s=63.29000000000019 external_cores=1.447352212830239 shared_host=true faults=0
2026-09-10T22:19:38.570 RUN Paris-127-B168 simd warm seconds=38.200498209 wall_s=38.230010986328125 own_cpu_s=270.4899999999998 bytes=1429768128 rss=9209122816 external_cpu_s=26.82000000000022 external_cores=0.7015430890038622 shared_host=true faults=0
2026-09-10T22:20:17.347 RUN Paris-127-B168 vector warm seconds=38.610869495 wall_s=38.63560104370117 own_cpu_s=268.3700000000008 bytes=1430059760 rss=9515900928 external_cpu_s=36.759999999999195 external_cores=0.9514540736255025 shared_host=true faults=0
2026-09-10T22:21:01.452 RUN Paris-127-B168 radix warm seconds=43.871491204 wall_s=43.90025997161865 own_cpu_s=283.5 bytes=1501371472 rss=9558581248 external_cpu_s=60.879999999999995 external_cores=1.3867799425187615 shared_host=true faults=0
2026-09-10T22:21:43.242 RUN Paris-127-B168 hint8 warm seconds=41.622860827 wall_s=41.64927887916565 own_cpu_s=277.97000000000025 bytes=1432184560 rss=9583259648 external_cpu_s=50.14999999999975 external_cores=1.2041024802733487 shared_host=true faults=0
2026-09-10T22:22:24.376 RUN Paris-127-B168 baseline pair=1 seconds=40.963796565 wall_s=40.99373006820679 own_cpu_s=279.71999999999935 bytes=1431712160 rss=9644388352 external_cpu_s=41.35000000000065 external_cores=1.0086908395796403 shared_host=true faults=0
2026-09-10T22:23:01.574 RUN Paris-127-B168 simd pair=1 seconds=37.039289083 wall_s=37.0646710395813 own_cpu_s=268.8099999999995 bytes=1429012688 rss=9905643520 external_cpu_s=21.380000000000507 external_cores=0.5768296170002114 shared_host=true faults=0
2026-09-10T22:23:43.875 RUN Paris-127-B168 vector pair=1 seconds=42.125843195 wall_s=42.15327501296997 own_cpu_s=268.71999999999935 bytes=1432540080 rss=9771880448 external_cpu_s=63.020000000000664 external_cores=1.495020255973238 shared_host=true faults=0
2026-09-10T22:24:30.877 RUN Paris-127-B168 radix pair=1 seconds=46.692125959 wall_s=46.77428388595581 own_cpu_s=287.28999999999996 bytes=1503135024 rss=9633882112 external_cpu_s=81.08000000000004 external_cores=1.7334311348878753 shared_host=true faults=0
2026-09-10T22:25:18.010 RUN Paris-127-B168 hint8 pair=1 seconds=46.94322767 wall_s=46.97807812690735 own_cpu_s=280.28999999999996 bytes=1435764944 rss=9977151488 external_cpu_s=89.74000000000001 external_cores=1.9102526875955825 shared_host=true faults=0
2026-09-10T22:25:59.826 RUN Paris-127-B168 hint8 pair=2 seconds=41.706282349 wall_s=41.70793008804321 own_cpu_s=276.3800000000001 bytes=1432251024 rss=9896267776 external_cpu_s=51.1699999999999 external_cores=1.2268650084524158 shared_host=true faults=0
2026-09-10T22:26:41.903 RUN Paris-127-B168 radix pair=2 seconds=41.95775834 wall_s=41.958128929138184 own_cpu_s=283.40000000000055 bytes=1500029616 rss=9613651968 external_cpu_s=46.67999999999944 external_cores=1.1125376939194758 shared_host=true faults=0
2026-09-10T22:27:23.086 RUN Paris-127-B168 vector pair=2 seconds=41.07108709 wall_s=41.071460008621216 own_cpu_s=267.3100000000004 bytes=1431826464 rss=9853296640 external_cpu_s=49.96999999999957 external_cores=1.2166599383004764 shared_host=true faults=0
2026-09-10T22:28:03.323 RUN Paris-127-B168 simd pair=2 seconds=40.101453916 wall_s=40.101829051971436 own_cpu_s=270.1199999999999 bytes=1431167856 rss=9614249984 external_cpu_s=41.94000000000011 external_cores=1.0458375837582479 shared_host=true faults=0
2026-09-10T22:28:54.837 RUN Paris-127-B168 baseline pair=2 seconds=51.38777379 wall_s=51.38852000236511 own_cpu_s=286.8799999999992 bytes=1438900720 rss=9641140224 external_cpu_s=119.6200000000008 external_cores=2.327757249955737 shared_host=true faults=0
2026-09-10T22:29:41.270 RUN Paris-127-B168 baseline pair=3 seconds=46.314783032 wall_s=46.315277099609375 own_cpu_s=280.7000000000007 bytes=1435403984 rss=10021462016 external_cpu_s=82.65999999999929 external_cores=1.784724289184841 shared_host=true faults=0
2026-09-10T22:30:35.577 RUN Paris-127-B168 simd pair=3 seconds=54.197654687 wall_s=54.198041915893555 own_cpu_s=277.97999999999956 bytes=1440639632 rss=10215931904 external_cpu_s=149.71000000000043 external_cores=2.7622769145853225 shared_host=true faults=0
2026-09-10T22:31:14.287 RUN Paris-127-B168 vector pair=3 seconds=38.588317867 wall_s=38.58914399147034 own_cpu_s=265.8099999999995 bytes=1430117920 rss=10018975744 external_cpu_s=34.69000000000051 external_cores=0.8989574893827216 shared_host=true faults=0
2026-09-10T22:32:03.645 RUN Paris-127-B168 radix pair=3 seconds=49.124514412 wall_s=49.12493705749512 own_cpu_s=285.6800000000003 bytes=1504904304 rss=9805344768 external_cpu_s=101.1999999999997 external_cores=2.0600535300748923 shared_host=true faults=0
2026-09-10T22:32:48.357 RUN Paris-127-B168 hint8 pair=3 seconds=44.560002638 wall_s=44.560370206832886 own_cpu_s=277.4400000000005 bytes=1434284720 rss=10223370240 external_cpu_s=74.06999999999948 external_cores=1.6622393318590873 shared_host=true faults=0
2026-09-10T22:32:48.357 PAIRED label=Paris-127-B168 name=baseline n=3 wall=46.315277099609375 cpu=280.7000000000007 wall_ratio=1.0 ratio_range=(1.0, 1.0) cpu_ratio=1.0 external=(1.0086908395796403, 2.327757249955737) bytes=1.435403984e9 rss=10021462016
2026-09-10T22:32:48.357 PAIRED label=Paris-127-B168 name=simd n=3 wall=40.101829051971436 cpu=270.1199999999999 wall_ratio=1.1060055011530967 ratio_range=(0.8545562803077474, 1.2814507771145869) cpu_ratio=1.0405862877125103 external=(0.5768296170002114, 2.7622769145853225) bytes=1.431167856e9 rss=10215931904
2026-09-10T22:32:48.358 PAIRED label=Paris-127-B168 name=vector n=3 wall=41.071460008621216 cpu=267.3100000000004 wall_ratio=1.2002151980838653 ratio_range=(0.9724921742283036, 1.2511977901827271) cpu_ratio=1.0560174560776543 external=(0.8989574893827216, 1.495020255973238) bytes=1.431826464e9 rss=10018975744
2026-09-10T22:32:48.358 PAIRED label=Paris-127-B168 name=radix n=3 wall=46.77428388595581 cpu=285.6800000000003 wall_ratio=0.9428058308838675 ratio_range=(0.8764159846499615, 1.2247571880327084) cpu_ratio=0.9825679081489794 external=(1.1125376939194758, 2.0600535300748923) bytes=1.503135024e9 rss=9805344768
2026-09-10T22:32:48.358 PAIRED label=Paris-127-B168 name=hint8 n=3 wall=44.560370206832886 cpu=277.4400000000005 wall_ratio=1.039382682069984 ratio_range=(0.8726140298346317, 1.2321042999229808) cpu_ratio=1.011750288350635 external=(1.2268650084524158, 1.9102526875955825) bytes=1.43428472e9 rss=10223370240
2026-09-10T22:32:48.358 APPROVED_REGRESSION_PHASE_COMPLETE
2026-09-10T22:32:48.358 RESIDENT next=/tmp/opencode/population-approved3/command-3.jl
2026-09-10T22:32:50.210 RETAINED_SOURCE file=Reachability.jl sha256=b0cd26f5c8edb3a70068be0a8e6840acf6d691c123cb09f5b18e473f4d6e9725
2026-09-10T22:32:50.210 RETAINED_SOURCE file=population.jl sha256=842c54b1e6d26b8f230248086554b1d255cec22d378fc0096c35bc0e99ee8e77
2026-09-10T22:32:50.210 RETAINED_SOURCE file=population_packed.jl sha256=1046b7c81ba39ad46b12495127e74a2a586d536f2f73c6db1388ab92790a985f
2026-09-10T22:32:50.210 RETAINED_SOURCE file=population_range.jl sha256=433612a3387ef8fe37dda8c01c9ef742a8ef48434fc142996211b29d9a96decd
2026-09-10T22:32:50.372 RETAINED_REAL_HINT_PARITY n=100000 PASS
2026-09-10T22:33:02.960 RUN final-Paris-1027 baseline warm seconds=12.120354316 wall_s=12.120726108551025 own_cpu_s=73.70999999999913 bytes=1818561584 rss=11611799552 external_cpu_s=19.660000000000878 external_cores=1.6220150363872166 shared_host=true faults=0
2026-09-10T22:33:15.660 RUN final-Paris-1027 retained warm seconds=12.513241492 wall_s=12.54754090309143 own_cpu_s=72.70000000000073 bytes=1960540432 rss=11917459456 external_cpu_s=16.329999999999274 external_cores=1.301450230457183 shared_host=true faults=0
2026-09-10T22:33:27.202 RUN final-Paris-1027 baseline pair=1 seconds=11.353552727 wall_s=11.353891849517822 own_cpu_s=72.63999999999942 bytes=1818092224 rss=12040097792 external_cpu_s=13.740000000000578 external_cores=1.2101577311205487 shared_host=true faults=0
2026-09-10T22:33:37.735 RUN final-Paris-1027 retained pair=1 seconds=10.262355055 wall_s=10.294734001159668 own_cpu_s=67.72999999999956 bytes=1817297728 rss=11648831488 external_cpu_s=11.84000000000043 external_cores=1.1501025668722176 shared_host=true faults=0
2026-09-10T22:33:48.121 RUN final-Paris-1027 retained pair=2 seconds=10.204309005 wall_s=10.204639911651611 own_cpu_s=67.42000000000007 bytes=1817261920 rss=11648831488 external_cpu_s=10.63999999999993 external_cores=1.0426629545106463 shared_host=true faults=0
2026-09-10T22:33:59.284 RUN final-Paris-1027 baseline pair=2 seconds=10.975216025 wall_s=10.975564002990723 own_cpu_s=73.11999999999898 bytes=1817857224 rss=11608408064 external_cpu_s=11.41000000000102 external_cores=1.0395821113969104 shared_host=true faults=0
2026-09-10T22:34:10.260 RUN final-Paris-1027 baseline pair=3 seconds=10.771180719 wall_s=10.771538019180298 own_cpu_s=72.98000000000138 bytes=1817658784 rss=11431886848 external_cpu_s=11.069999999998615 external_cores=1.0277083904161932 shared_host=true faults=0
2026-09-10T22:34:20.397 RUN final-Paris-1027 retained pair=3 seconds=9.942318807 wall_s=9.942718029022217 own_cpu_s=67.52999999999884 bytes=1817027504 rss=11433467904 external_cpu_s=9.99000000000116 external_cores=1.0047554371793437 shared_host=true faults=0
2026-09-10T22:34:30.607 RUN final-Paris-1027 retained pair=4 seconds=10.018898271 wall_s=10.01920199394226 own_cpu_s=67.06999999999971 bytes=1817171592 rss=11434516480 external_cpu_s=9.640000000000285 external_cores=0.962152475399613 shared_host=true faults=0
2026-09-10T22:34:40.976 RUN final-Paris-1027 baseline pair=4 seconds=10.174653131 wall_s=10.174976825714111 own_cpu_s=73.05999999999949 bytes=1817333048 rss=11434516480 external_cpu_s=4.400000000000503 external_cores=0.4324334173303336 shared_host=true faults=0
2026-09-10T22:34:51.440 RUN final-Paris-1027 baseline pair=5 seconds=10.28914683 wall_s=10.289511919021606 own_cpu_s=73.06999999999971 bytes=1817387976 rss=11434516480 external_cpu_s=5.3100000000002865 external_cores=0.5160594634410216 shared_host=true faults=0
2026-09-10T22:35:01.256 RUN final-Paris-1027 retained pair=5 seconds=9.628704595 wall_s=9.629065036773682 own_cpu_s=67.76999999999862 bytes=1816847024 rss=11434516480 external_cpu_s=5.450000000001381 external_cores=0.5659947231831618 shared_host=true faults=0
2026-09-10T22:35:01.564 PAIRED label=final-Paris-1027 name=baseline n=5 wall=10.771538019180298 cpu=73.05999999999949 wall_ratio=1.0 ratio_range=(1.0, 1.0) cpu_ratio=1.0 external=(0.4324334173303336, 1.2101577311205487) bytes=1.817658784e9 rss=12040097792
2026-09-10T22:35:01.564 PAIRED label=final-Paris-1027 name=retained n=5 wall=10.01920199394226 cpu=67.52999999999884 wall_ratio=1.0755464277048006 ratio_range=(1.015547628630108, 1.1028834594695545) cpu_ratio=1.0807048719088204 external=(0.5659947231831618, 1.1501025668722176) bytes=1.817171592e9 rss=11648831488
2026-09-10T22:35:31.998 RUN final-Paris-9919 baseline warm seconds=30.252188679 wall_s=30.252493143081665 own_cpu_s=215.92000000000007 bytes=1878619568 rss=11393871872 external_cpu_s=17.42999999999992 external_cores=0.5761508619327107 shared_host=true faults=0
2026-09-10T22:36:00.448 RUN final-Paris-9919 retained warm seconds=28.258804265 wall_s=28.259195804595947 own_cpu_s=199.89999999999964 bytes=1877157384 rss=11393871872 external_cpu_s=19.00000000000037 external_cores=0.672347512341816 shared_host=true faults=0
2026-09-10T22:36:31.444 RUN final-Paris-9919 baseline pair=1 seconds=30.794309028 wall_s=30.794697999954224 own_cpu_s=216.10000000000036 bytes=1879555888 rss=11393871872 external_cpu_s=22.889999999999645 external_cores=0.74330977365109 shared_host=true faults=0
2026-09-10T22:37:00.472 RUN final-Paris-9919 retained pair=1 seconds=28.841021263 wall_s=28.841339111328125 own_cpu_s=199.23999999999978 bytes=1877590536 rss=11456520192 external_cpu_s=25.05000000000021 external_cores=0.8685449695420426 shared_host=true faults=0
2026-09-10T22:37:29.599 RUN final-Paris-9919 retained pair=2 seconds=28.927734317 wall_s=28.92802405357361 own_cpu_s=200.35999999999876 bytes=1878794800 rss=11465420800 external_cpu_s=24.73000000000124 external_cores=0.8548803732395346 shared_host=true faults=0
2026-09-10T22:38:01.259 RUN final-Paris-9919 baseline pair=2 seconds=31.459095519 wall_s=31.45940399169922 own_cpu_s=216.33999999999833 bytes=1880043096 rss=11465420800 external_cpu_s=28.360000000001662 external_cores=0.9014792526738473 shared_host=true faults=0
2026-09-10T22:38:32.237 RUN final-Paris-9919 baseline pair=3 seconds=30.784307426 wall_s=30.784708976745605 own_cpu_s=216.25 bytes=1881209040 rss=11393949696 external_cpu_s=22.78 external_cores=0.7399777602967673 shared_host=true faults=0
2026-09-10T22:39:00.274 RUN final-Paris-9919 retained pair=3 seconds=27.858954975 wall_s=27.859241008758545 own_cpu_s=201.10000000000036 bytes=1878036784 rss=11394314240 external_cpu_s=14.089999999999634 external_cores=0.5057567790726941 shared_host=true faults=0
2026-09-10T22:39:00.274 PAIRED label=final-Paris-9919 name=baseline n=3 wall=30.794697999954224 cpu=216.25 wall_ratio=1.0 ratio_range=(1.0, 1.0) cpu_ratio=1.0 external=(0.7399777602967673, 0.9014792526738473) bytes=1.880043096e9 rss=11465420800
2026-09-10T22:39:00.274 PAIRED label=final-Paris-9919 name=retained n=3 wall=28.841339111328125 cpu=200.35999999999876 wall_ratio=1.0875061474450378 ratio_range=(1.0677277459651264, 1.1050088897636277) cpu_ratio=1.0797564384108587 external=(0.5057567790726941, 0.8685449695420426) bytes=1.878036784e9 rss=11465420800
2026-09-10T22:39:00.673 RUN final-rural-1027 baseline warm seconds=0.226323831 wall_s=0.22656702995300293 own_cpu_s=1.139999999999418 bytes=619605784 rss=10229084160 external_cpu_s=0.24000000000058197 external_cores=1.0592891651109406 shared_host=true faults=0
2026-09-10T22:39:01.103 RUN final-rural-1027 retained warm seconds=0.240215321 wall_s=0.2404470443725586 own_cpu_s=1.0799999999999272 bytes=619618064 rss=8790192128 external_cpu_s=0.29000000000007287 external_cores=1.2060867737294159 shared_host=true faults=0
2026-09-10T22:39:01.434 RUN final-rural-1027 baseline pair=1 seconds=0.222062845 wall_s=0.2223501205444336 own_cpu_s=1.1000000000003638 bytes=619594512 rss=8693084160 external_cpu_s=0.20999999999963626 external_cores=0.9444564252335121 shared_host=true faults=0
2026-09-10T22:39:01.820 RUN final-rural-1027 retained pair=1 seconds=0.286509184 wall_s=0.2867259979248047 own_cpu_s=1.2100000000009459 bytes=619676888 rss=9154842624 external_cpu_s=0.17999999999905403 external_cores=0.6277770460363343 shared_host=true faults=0
2026-09-10T22:39:02.152 RUN final-rural-1027 retained pair=2 seconds=0.22044631 wall_s=0.22069311141967773 own_cpu_s=1.069999999999709 bytes=619559424 rss=9163751424 external_cpu_s=0.22000000000029107 external_cores=0.9968593880664058 shared_host=true faults=0
2026-09-10T22:39:02.488 RUN final-rural-1027 baseline pair=2 seconds=0.22967678 wall_s=0.22999906539916992 own_cpu_s=1.0799999999999272 bytes=619539568 rss=9017966592 external_cpu_s=0.19000000000007278 external_cores=0.8260903133250667 shared_host=true faults=0
2026-09-10T22:39:02.893 RUN final-rural-1027 baseline pair=3 seconds=0.286872786 wall_s=0.2872030735015869 own_cpu_s=1.2900000000008731 bytes=619649568 rss=9046327296 external_cpu_s=0.25999999999912693 external_cores=0.9052827911247625 shared_host=true faults=0
2026-09-10T22:39:03.280 RUN final-rural-1027 retained pair=3 seconds=0.281814486 wall_s=0.2821030616760254 own_cpu_s=1.2300000000013824 bytes=619694440 rss=9356210176 external_cpu_s=0.21999999999861752 external_cores=0.779856832079587 shared_host=true faults=0
2026-09-10T22:39:03.281 PAIRED label=final-rural-1027 name=baseline n=3 wall=0.22999906539916992 cpu=1.1000000000003638 wall_ratio=1.0 ratio_range=(1.0, 1.0) cpu_ratio=1.0 external=(0.8260903133250667, 0.9444564252335121) bytes=6.19594512e8 rss=9046327296
2026-09-10T22:39:03.281 PAIRED label=final-rural-1027 name=retained n=3 wall=0.2821030616760254 cpu=1.2100000000009459 wall_ratio=1.0180785412085265 ratio_range=(0.775479454788561, 1.042166943587993) cpu_ratio=1.00934579439273 external=(0.6277770460363343, 0.9968593880664058) bytes=6.19676888e8 rss=9356210176
2026-09-10T22:39:06.149 RUN final-rural-9919 baseline warm seconds=2.759813414 wall_s=2.760161876678467 own_cpu_s=15.840000000000146 bytes=1836262624 rss=10521440256 external_cpu_s=2.299999999999855 external_cores=0.8332844603910105 shared_host=true faults=0
2026-09-10T22:39:09.027 RUN final-rural-9919 retained warm seconds=2.751083411 wall_s=2.751461982727051 own_cpu_s=15.460000000000946 bytes=1836314856 rss=11394179072 external_cpu_s=2.3299999999990533 external_cores=0.8468225309403422 shared_host=true faults=0
2026-09-10T22:39:11.983 RUN final-rural-9919 baseline pair=1 seconds=2.777786091 wall_s=2.779254913330078 own_cpu_s=15.719999999999345 bytes=1836451768 rss=11480641536 external_cpu_s=2.360000000000653 external_cores=0.8491484493492979 shared_host=true faults=0
2026-09-10T22:39:14.844 RUN final-rural-9919 retained pair=1 seconds=2.677904376 wall_s=2.6782748699188232 own_cpu_s=15.349999999998545 bytes=1836226432 rss=11480653824 external_cpu_s=2.210000000001454 external_cores=0.8251580242279006 shared_host=true faults=0
2026-09-10T22:39:17.910 RUN final-rural-9919 retained pair=2 seconds=2.873870493 wall_s=2.874682903289795 own_cpu_s=15.55999999999949 bytes=1836421656 rss=11613360128 external_cpu_s=2.8200000000005083 external_cores=0.9809777616770506 shared_host=true faults=0
2026-09-10T22:39:21.043 RUN final-rural-9919 baseline pair=2 seconds=2.921575224 wall_s=2.921891927719116 own_cpu_s=15.850000000000364 bytes=1836440424 rss=11837677568 external_cpu_s=2.9099999999996378 external_cores=0.9959300590118809 shared_host=true faults=0
2026-09-10T22:39:24.080 RUN final-rural-9919 baseline pair=3 seconds=2.853592762 wall_s=2.8538570404052734 own_cpu_s=15.950000000000728 bytes=1836600664 rss=11837677568 external_cpu_s=2.8299999999992735 external_cores=0.991640422043491 shared_host=true faults=0
2026-09-10T22:39:27.082 RUN final-rural-9919 retained pair=3 seconds=2.790658249 wall_s=2.7909650802612305 own_cpu_s=15.539999999999054 bytes=1836716704 rss=11456368640 external_cpu_s=2.6800000000009447 external_cores=0.960241322600174 shared_host=true faults=0
2026-09-10T22:39:27.083 PAIRED label=final-rural-9919 name=baseline n=3 wall=2.8538570404052734 cpu=15.850000000000364 wall_ratio=1.0 ratio_range=(1.0, 1.0) cpu_ratio=1.0 external=(0.8491484493492979, 0.9959300590118809) bytes=1.836451768e9 rss=11837677568
2026-09-10T22:39:27.083 PAIRED label=final-rural-9919 name=retained n=3 wall=2.7909650802612305 cpu=15.539999999999054 wall_ratio=1.0225341264886612 ratio_range=(1.0164223415303633, 1.0377033905464361) cpu_ratio=1.0241042345277418 external=(0.8251580242279006, 0.9809777616770506) bytes=1.836421656e9 rss=11613360128
2026-09-10T22:39:27.905 RUN final-Paris-1027-S1 baseline warm seconds=0.289507959 wall_s=0.3313019275665283 own_cpu_s=1.7000000000007276 bytes=289398568 rss=9909903360 external_cpu_s=0.3099999999992722 external_cores=0.9357023735909942 shared_host=true faults=0
2026-09-10T22:39:28.407 RUN final-Paris-1027-S1 retained warm seconds=0.269090768 wall_s=0.3023948669433594 own_cpu_s=1.5799999999999272 bytes=289948320 rss=8370741248 external_cpu_s=0.3700000000000727 external_cores=1.223565742831793 shared_host=true faults=0
2026-09-10T22:39:28.805 RUN final-Paris-1027-S1 baseline pair=1 seconds=0.274656195 wall_s=0.30304908752441406 own_cpu_s=1.6599999999998545 bytes=288506336 rss=8374976512 external_cpu_s=0.3100000000001455 external_cores=1.0229365893575622 shared_host=true faults=0
2026-09-10T22:39:29.203 RUN final-Paris-1027-S1 retained pair=1 seconds=0.265642132 wall_s=0.29845094680786133 own_cpu_s=1.5999999999985448 bytes=289362664 rss=8389926912 external_cpu_s=0.22000000000145525 external_cores=0.7371395613064959 shared_host=true faults=0
2026-09-10T22:39:29.540 RUN final-Paris-1027-S1 retained pair=2 seconds=0.242298542 wall_s=0.24573421478271484 own_cpu_s=1.5400000000008731 bytes=288470144 rss=8392036352 external_cpu_s=0.2199999999991269 external_cores=0.8952762243290261 shared_host=true faults=0
2026-09-10T22:39:29.907 RUN final-Paris-1027-S1 baseline pair=2 seconds=0.274033188 wall_s=0.274446964263916 own_cpu_s=1.6599999999998545 bytes=288506336 rss=8321126400 external_cpu_s=0.1900000000001456 external_cores=0.6923013359238188 shared_host=true faults=0
2026-09-10T22:39:30.280 RUN final-Paris-1027-S1 baseline pair=3 seconds=0.28312857 wall_s=0.2834930419921875 own_cpu_s=1.639999999999418 bytes=287956488 rss=8321101824 external_cpu_s=0.31000000000058203 external_cores=1.0935012648709912 shared_host=true faults=0
2026-09-10T22:39:30.650 RUN final-Paris-1027-S1 retained pair=3 seconds=0.271584748 wall_s=0.27184295654296875 own_cpu_s=1.4899999999997817 bytes=288506240 rss=8232214528 external_cpu_s=0.23000000000021825 external_cores=0.8460767309373469 shared_host=true faults=0
2026-09-10T22:39:30.650 PAIRED label=final-Paris-1027-S1 name=baseline n=3 wall=0.2834930419921875 cpu=1.6599999999998545 wall_ratio=1.0 ratio_range=(1.0, 1.0) cpu_ratio=1.0 external=(0.6923013359238188, 1.0935012648709912) bytes=2.88506336e8 rss=8374976512
2026-09-10T22:39:30.650 PAIRED label=final-Paris-1027-S1 name=retained n=3 wall=0.27184295654296875 cpu=1.5400000000008731 wall_ratio=1.0428559400522017 ratio_range=(1.0154066883209218, 1.1168447361169864) cpu_ratio=1.0779220779213723 external=(0.7371395613064959, 0.8952762243290261) bytes=2.8850624e8 rss=8392036352
2026-09-10T22:39:31.482 RUN final-Paris-1027-S2 baseline warm seconds=0.742242985 wall_s=0.7424929141998291 own_cpu_s=5.020000000000437 bytes=282725320 rss=8296865792 external_cpu_s=0.5099999999995637 external_cores=0.686875241832013 shared_host=true faults=0
2026-09-10T22:39:32.277 RUN final-Paris-1027-S2 retained warm seconds=0.69678379 wall_s=0.6970398426055908 own_cpu_s=4.680000000000291 bytes=282465136 rss=8367026176 external_cpu_s=0.4199999999997086 external_cores=0.602548052963106 shared_host=true faults=0
2026-09-10T22:39:33.093 RUN final-Paris-1027-S2 baseline pair=1 seconds=0.724202935 wall_s=0.7244210243225098 own_cpu_s=5.029999999998836 bytes=282830496 rss=8370057216 external_cpu_s=0.4900000000011637 external_cores=0.67640223509446 shared_host=true faults=0
2026-09-10T22:39:33.927 RUN final-Paris-1027-S2 retained pair=1 seconds=0.741597324 wall_s=0.7418420314788818 own_cpu_s=4.739999999999782 bytes=282830688 rss=8566034432 external_cpu_s=0.5500000000002183 external_cores=0.7413977324846082 shared_host=true faults=0
2026-09-10T22:39:34.747 RUN final-Paris-1027-S2 retained pair=2 seconds=0.721650964 wall_s=0.7219700813293457 own_cpu_s=4.75 bytes=282725512 rss=8496984064 external_cpu_s=0.6600000000000001 external_cores=0.914165305554987 shared_host=true faults=0
2026-09-10T22:39:35.649 RUN final-Paris-1027-S2 baseline pair=2 seconds=0.797334202 wall_s=0.7975869178771973 own_cpu_s=5.069999999999709 bytes=282752488 rss=8517165056 external_cpu_s=0.5500000000002911 external_cores=0.6895800165129757 shared_host=true faults=0
2026-09-10T22:39:36.537 RUN final-Paris-1027-S2 baseline pair=3 seconds=0.795205696 wall_s=0.7954549789428711 own_cpu_s=5.059999999999491 bytes=282853504 rss=8662773760 external_cpu_s=0.5500000000005096 external_cores=0.6914281946307488 shared_host=true faults=0
2026-09-10T22:39:37.296 RUN final-Paris-1027-S2 retained pair=3 seconds=0.666945852 wall_s=0.6673901081085205 own_cpu_s=4.630000000001019 bytes=282538928 rss=8662773760 external_cpu_s=0.37999999999898115 external_cores=0.5693821280569408 shared_host=true faults=0
2026-09-10T22:39:37.296 PAIRED label=final-Paris-1027-S2 name=baseline n=3 wall=0.7954549789428711 cpu=5.059999999999491 wall_ratio=1.0 ratio_range=(1.0, 1.0) cpu_ratio=1.0 external=(0.67640223509446, 0.6914281946307488) bytes=2.82830496e8 rss=8662773760
2026-09-10T22:39:37.296 PAIRED label=final-Paris-1027-S2 name=retained n=3 wall=0.7219700813293457 cpu=4.739999999999782 wall_ratio=1.1047368007391942 ratio_range=(0.9765165541757687, 1.1918890754873561) cpu_ratio=1.0673684210525702 external=(0.5693821280569408, 0.914165305554987) bytes=2.82725512e8 rss=8662773760
2026-09-10T22:39:38.590 RUN final-Paris-1027-S4 baseline warm seconds=1.181485794 wall_s=1.1817431449890137 own_cpu_s=8.329999999999927 bytes=293778840 rss=8281325568 external_cpu_s=0.8000000000000735 external_cores=0.6769660593271399 shared_host=true faults=0
2026-09-10T22:39:39.837 RUN final-Paris-1027-S4 retained warm seconds=1.148476697 wall_s=1.1520910263061523 own_cpu_s=7.869999999998981 bytes=293619128 rss=8338014208 external_cpu_s=0.9700000000010185 external_cores=0.84194736166902 shared_host=true faults=0
2026-09-10T22:39:41.110 RUN final-Paris-1027-S4 baseline pair=1 seconds=1.175813695 wall_s=1.1777350902557373 own_cpu_s=8.359999999998763 bytes=293778840 rss=8338014208 external_cpu_s=0.8200000000012366 external_cores=0.6962516501254786 shared_host=true faults=0
2026-09-10T22:39:42.319 RUN final-Paris-1027-S4 retained pair=1 seconds=1.116141183 wall_s=1.1164309978485107 own_cpu_s=7.769999999998618 bytes=293673184 rss=8290426880 external_cpu_s=0.8100000000013825 external_cores=0.7255262542533703 shared_host=true faults=0
2026-09-10T22:39:43.514 RUN final-Paris-1027-S4 retained pair=2 seconds=1.108468579 wall_s=1.1087021827697754 own_cpu_s=7.819999999999709 bytes=293706840 rss=8290426880 external_cpu_s=0.7500000000002913 external_cores=0.6764666036163388 shared_host=true faults=0
2026-09-10T22:39:44.774 RUN final-Paris-1027-S4 baseline pair=2 seconds=1.166813082 wall_s=1.1670160293579102 own_cpu_s=8.399999999999636 bytes=293778840 rss=8290426880 external_cpu_s=0.7900000000003633 external_cores=0.6769401448881723 shared_host=true faults=0
2026-09-10T22:39:46.048 RUN final-Paris-1027-S4 baseline pair=3 seconds=1.180818033 wall_s=1.1811301708221436 own_cpu_s=8.3799999999992 bytes=293709088 rss=8290426880 external_cpu_s=0.8800000000008001 external_cores=0.7450491247618057 shared_host=true faults=0
2026-09-10T22:39:47.257 RUN final-Paris-1027-S4 retained pair=3 seconds=1.117272241 wall_s=1.1174919605255127 own_cpu_s=7.780000000000655 bytes=293688592 rss=8290426880 external_cpu_s=0.8699999999993455 external_cores=0.7785290907956229 shared_host=true faults=0
2026-09-10T22:39:47.258 PAIRED label=final-Paris-1027-S4 name=baseline n=3 wall=1.1777350902557373 cpu=8.3799999999992 wall_ratio=1.0 ratio_range=(1.0, 1.0) cpu_ratio=1.0 external=(0.6769401448881723, 0.7450491247618057) bytes=2.9377884e8 rss=8338014208
2026-09-10T22:39:47.258 PAIRED label=final-Paris-1027-S4 name=retained n=3 wall=1.1164309978485107 cpu=7.780000000000655 wall_ratio=1.0549107759685699 ratio_range=(1.052596492993686, 1.0569473540254413) cpu_ratio=1.0759330759331083 external=(0.6764666036163388, 0.7785290907956229) bytes=2.93688592e8 rss=8290426880
2026-09-10T22:39:57.792 RUN full-parity baseline mean_intersection exclude=false seconds=10.361037605 wall_s=10.389652013778687 own_cpu_s=73.17000000000007 bytes=1817847608 rss=9844101120 external_cpu_s=7.689999999999927 external_cores=0.740159534679458 shared_host=true faults=0
2026-09-10T22:40:07.859 RUN full-parity retained mean_intersection exclude=false seconds=9.901086954 wall_s=9.93148398399353 own_cpu_s=67.46999999999935 bytes=1817045040 rss=11352817664 external_cpu_s=8.010000000000659 external_cores=0.8065259947969803 shared_host=true faults=0
2026-09-10T22:40:07.913 FULL_PARITY mode=mean_intersection exclude=false origins=1027 bitwise=true PASS
2026-09-10T22:40:19.034 RUN full-parity baseline mean_intersection exclude=true seconds=10.918812877 wall_s=10.919037103652954 own_cpu_s=73.76000000000022 bytes=1829460792 rss=11235184640 external_cpu_s=9.049999999999784 external_cores=0.828827662557545 shared_host=true faults=0
2026-09-10T22:40:29.284 RUN full-parity retained mean_intersection exclude=true seconds=10.058869699 wall_s=10.060281991958618 own_cpu_s=68.35000000000036 bytes=1828846824 rss=11288895488 external_cpu_s=8.479999999999634 external_cores=0.8429187180615678 shared_host=true faults=0
2026-09-10T22:40:29.284 FULL_PARITY mode=mean_intersection exclude=true origins=1027 bitwise=true PASS
2026-09-10T22:40:40.465 RUN full-parity baseline max_intersection exclude=false seconds=10.976942379 wall_s=10.977160930633545 own_cpu_s=73.47999999999956 bytes=1817803184 rss=11290877952 external_cpu_s=11.12000000000043 external_cores=1.0130123872893464 shared_host=true faults=0
2026-09-10T22:40:50.621 RUN full-parity retained max_intersection exclude=false seconds=9.976135793 wall_s=9.976439952850342 own_cpu_s=67.63000000000102 bytes=1817063584 rss=11455406080 external_cpu_s=9.029999999998978 external_cores=0.9051324964291536 shared_host=true faults=0
2026-09-10T22:40:50.621 FULL_PARITY mode=max_intersection exclude=false origins=1027 bitwise=true PASS
2026-09-10T22:41:01.658 RUN full-parity baseline max_intersection exclude=true seconds=10.82253958 wall_s=10.82283902168274 own_cpu_s=73.45999999999913 bytes=1817804696 rss=11458453504 external_cpu_s=10.110000000000866 external_cores=0.9341356717720966 shared_host=true faults=0
2026-09-10T22:41:12.273 RUN full-parity retained max_intersection exclude=true seconds=10.424247936 wall_s=10.424619913101196 own_cpu_s=68.54000000000087 bytes=1817551720 rss=11459522560 external_cpu_s=12.679999999999126 external_cores=1.2163513016012668 shared_host=true faults=0
2026-09-10T22:41:12.273 FULL_PARITY mode=max_intersection exclude=true origins=1027 bitwise=true PASS
2026-09-10T22:41:23.447 RUN full-parity baseline diff_intersection exclude=false seconds=10.976648244 wall_s=10.976978778839111 own_cpu_s=72.86000000000058 bytes=1817803184 rss=11505123328 external_cpu_s=10.969999999999416 external_cores=0.999364235006708 shared_host=true faults=0
2026-09-10T22:41:33.748 RUN full-parity retained diff_intersection exclude=false seconds=10.109782167 wall_s=10.110091924667358 own_cpu_s=67.52000000000044 bytes=1817189712 rss=11669516288 external_cpu_s=9.949999999999562 external_cores=0.9841651365921618 shared_host=true faults=0
2026-09-10T22:41:33.748 FULL_PARITY mode=diff_intersection exclude=false origins=1027 bitwise=true PASS
2026-09-10T22:41:44.844 RUN full-parity baseline diff_intersection exclude=true seconds=10.877965605 wall_s=10.878334999084473 own_cpu_s=73.14999999999964 bytes=1817894848 rss=11363090432 external_cpu_s=10.630000000000365 external_cores=0.977171598493243 shared_host=true faults=0
2026-09-10T22:41:55.166 RUN full-parity retained diff_intersection exclude=true seconds=10.111672894 wall_s=10.11207914352417 own_cpu_s=67.13999999999942 bytes=1817299224 rss=11085434880 external_cpu_s=10.230000000000587 external_cores=1.0116613858339838 shared_host=true faults=0
2026-09-10T22:41:55.166 FULL_PARITY mode=diff_intersection exclude=true origins=1027 bitwise=true PASS
2026-09-10T22:42:06.148 RUN full-parity baseline min_union exclude=false seconds=10.791935292 wall_s=10.793161153793335 own_cpu_s=72.86999999999898 bytes=1822858808 rss=11085434880 external_cpu_s=10.460000000001017 external_cores=0.9691321987094369 shared_host=true faults=0
2026-09-10T22:42:16.044 RUN full-parity retained min_union exclude=false seconds=9.709248636 wall_s=9.709542989730835 own_cpu_s=67.61999999999898 bytes=1822100664 rss=11085434880 external_cpu_s=5.770000000001019 external_cores=0.5942607191814878 shared_host=true faults=0
2026-09-10T22:42:16.044 FULL_PARITY mode=min_union exclude=false origins=1027 bitwise=true PASS
2026-09-10T22:42:26.661 RUN full-parity baseline min_union exclude=true seconds=10.435554648 wall_s=10.435921907424927 own_cpu_s=73.04999999999927 bytes=1822769992 rss=11298476032 external_cpu_s=4.950000000000728 external_cores=0.47432321206609573 shared_host=true faults=0
2026-09-10T22:42:36.287 RUN full-parity retained min_union exclude=true seconds=9.451341732 wall_s=9.451667785644531 own_cpu_s=67.59000000000015 bytes=1822029984 rss=11299532800 external_cpu_s=5.05999999999986 external_cores=0.5353552531422164 shared_host=true faults=0
2026-09-10T22:42:36.287 FULL_PARITY mode=min_union exclude=true origins=1027 bitwise=true PASS
2026-09-10T22:42:46.836 RUN full-parity baseline diff_union exclude=false seconds=10.362878375 wall_s=10.363216876983643 own_cpu_s=73.2400000000016 bytes=1822623808 rss=11433869312 external_cpu_s=5.759999999998399 external_cores=0.5558119711642016 shared_host=true faults=0
2026-09-10T22:42:56.669 RUN full-parity retained diff_union exclude=false seconds=9.632897464 wall_s=9.633239984512329 own_cpu_s=67.47000000000116 bytes=1822028184 rss=11280216064 external_cpu_s=5.6999999999988376 external_cores=0.5917012354268046 shared_host=true faults=0
2026-09-10T22:42:56.669 FULL_PARITY mode=diff_union exclude=false origins=1027 bitwise=true PASS
2026-09-10T22:43:07.441 RUN full-parity baseline diff_union exclude=true seconds=10.581885608 wall_s=10.582264184951782 own_cpu_s=72.85000000000036 bytes=1822806384 rss=11280216064 external_cpu_s=7.159999999999641 external_cores=0.6766037848668834 shared_host=true faults=0
2026-09-10T22:43:17.626 RUN full-parity retained diff_union exclude=true seconds=10.004253386 wall_s=10.004587173461914 own_cpu_s=67.69999999999891 bytes=1822445288 rss=11232628736 external_cpu_s=7.230000000001098 external_cores=0.722668499423878 shared_host=true faults=0
2026-09-10T22:43:17.626 FULL_PARITY mode=diff_union exclude=true origins=1027 bitwise=true PASS
2026-09-10T22:43:28.167 RUN full-parity baseline reachable_union exclude=false seconds=10.351567322 wall_s=10.353000164031982 own_cpu_s=72.92999999999847 bytes=1816371024 rss=11232591872 external_cpu_s=7.280000000001522 external_cores=0.7031778117123415 shared_host=true faults=0
2026-09-10T22:43:38.020 RUN full-parity retained reachable_union exclude=false seconds=9.675430957 wall_s=9.675776958465576 own_cpu_s=67.17000000000007 bytes=1815955992 rss=11232591872 external_cpu_s=7.1599999999999255 external_cores=0.7399922539280388 shared_host=true faults=0
2026-09-10T22:43:38.020 FULL_PARITY mode=reachable_union exclude=false origins=1027 bitwise=true PASS
2026-09-10T22:43:48.866 RUN full-parity baseline reachable_union exclude=true seconds=10.645623016 wall_s=10.64603590965271 own_cpu_s=72.65000000000146 bytes=1816697224 rss=11099324416 external_cpu_s=8.289999999998543 external_cores=0.7786935973494171 shared_host=true faults=0
2026-09-10T22:43:58.819 RUN full-parity retained reachable_union exclude=true seconds=9.754104269 wall_s=9.754456996917725 own_cpu_s=67.38999999999942 bytes=1816084336 rss=11315539968 external_cpu_s=7.620000000000587 external_cores=0.7811813617517 shared_host=true faults=0
2026-09-10T22:43:58.819 FULL_PARITY mode=reachable_union exclude=true origins=1027 bitwise=false PASS
2026-09-10T22:44:13.629 RUN approved-adaptive-baseline CPU_profile seconds=11.095024352 wall_s=11.145040035247803 own_cpu_s=74.19999999999891 bytes=1817951168 rss=11477692416 external_cpu_s=10.310000000001097 external_cores=0.925075187473013 shared_host=true faults=1
2026-09-10T22:44:17.040 PROFILE_READY approved-adaptive-baseline snapshots=26576 routed=11645 files=/tmp/opencode/population-approved3/approved-adaptive-baseline.{flat,tree,attribution}.txt
2026-09-10T22:44:27.740 RUN approved-adaptive-retained CPU_profile seconds=10.241373269 wall_s=10.285687923431396 own_cpu_s=68.67000000000007 bytes=1817316256 rss=9800368128 external_cpu_s=9.379999999999924 external_cores=0.9119467817637883 shared_host=true faults=0
2026-09-10T22:44:29.208 PROFILE_READY approved-adaptive-retained snapshots=26145 routed=11444 files=/tmp/opencode/population-approved3/approved-adaptive-retained.{flat,tree,attribution}.txt
2026-09-10T22:44:29.354 APPROVED_RETAINED_COMPLETE
2026-09-10T22:44:29.354 RESIDENT next=/tmp/opencode/population-approved3/command-4.jl
2026-09-10T22:44:29.837 RUN retained-hint-build seconds=0.180121848 wall_s=0.211899995803833 own_cpu_s=0.21000000000094587 bytes=47244360 rss=8223850496 external_cpu_s=0.4999999999990541 external_cores=2.3596036333192307 shared_host=true faults=0
2026-09-10T22:44:29.873 RETAINED_HINT_BUILD bytes=47097024 prototype_equal=true
2026-09-10T22:45:11.029 RUN final-Paris-127-B168 baseline warm seconds=40.832393995 wall_s=40.83283090591431 own_cpu_s=277.3099999999995 bytes=1431715024 rss=8845901824 external_cpu_s=41.79000000000053 external_cores=1.0234411642017107 shared_host=true faults=0
2026-09-10T22:45:50.853 RUN final-Paris-127-B168 retained warm seconds=39.702185392 wall_s=39.72859597206116 own_cpu_s=274.5099999999984 bytes=1430887872 rss=9586176000 external_cpu_s=38.26000000000158 external_cores=0.963034284597111 shared_host=true faults=0
2026-09-10T22:46:29.804 RUN final-Paris-127-B168 baseline pair=1 seconds=38.821960547 wall_s=38.82229018211365 own_cpu_s=278.84000000000015 bytes=1430348816 rss=9921593344 external_cpu_s=23.979999999999848 external_cores=0.6176863829390468 shared_host=true faults=0
2026-09-10T22:47:07.732 RUN final-Paris-127-B168 retained pair=1 seconds=37.748685471 wall_s=37.80718994140625 own_cpu_s=275.5699999999997 bytes=1429512784 rss=9695232000 external_cpu_s=22.490000000000293 external_cores=0.5948603965239256 shared_host=true faults=0
2026-09-10T22:47:46.295 RUN final-Paris-127-B168 retained pair=2 seconds=38.442891667 wall_s=38.44325494766235 own_cpu_s=274.5799999999999 bytes=1430059952 rss=9895301120 external_cpu_s=25.3900000000001 external_cores=0.6604539608981265 shared_host=true faults=0
2026-09-10T22:48:25.769 RUN final-Paris-127-B168 baseline pair=2 seconds=39.352917153 wall_s=39.35331106185913 own_cpu_s=278.72999999999956 bytes=1430673968 rss=10190057472 external_cpu_s=29.740000000000464 external_cores=0.7557178595024041 shared_host=true faults=0
2026-09-10T22:49:05.175 RUN final-Paris-127-B168 baseline pair=3 seconds=39.266279903 wall_s=39.26661205291748 own_cpu_s=278.3200000000015 bytes=1430598624 rss=9906253824 external_cpu_s=31.10999999999848 external_cores=0.7922761443761235 shared_host=true faults=0
2026-09-10T22:49:44.612 RUN final-Paris-127-B168 retained pair=3 seconds=39.309322442 wall_s=39.30975103378296 own_cpu_s=273.7099999999991 bytes=1430593376 rss=9767497728 external_cpu_s=34.41000000000088 external_cores=0.8753553277513456 shared_host=true faults=0
2026-09-10T22:49:44.612 PAIRED label=final-Paris-127-B168 name=baseline n=3 wall=39.26661205291748 cpu=278.72999999999956 wall_ratio=1.0 ratio_range=(1.0, 1.0) cpu_ratio=1.0 external=(0.6176863829390468, 0.7922761443761235) bytes=1.430598624e9 rss=10190057472
2026-09-10T22:49:44.612 PAIRED label=final-Paris-127-B168 name=retained n=3 wall=38.44325494766235 cpu=274.5799999999999 wall_ratio=1.023672712298575 ratio_range=(0.9989025882960082, 1.0268493966962529) cpu_ratio=1.015113992279116 external=(0.5948603965239256, 0.8753553277513456) bytes=1.430059952e9 rss=9895301120
2026-09-10T22:49:44.634 APPROVED_VERIFICATION_COMPLETE
2026-09-10T22:49:44.634 RESIDENT next=/tmp/opencode/population-approved3/command-5.jl
2026-09-10T22:49:55.483 RUN roundoff baseline-a seconds=10.653633663 wall_s=10.684501886367798 own_cpu_s=72.98999999999796 bytes=1816751744 rss=10907537408 external_cpu_s=9.880000000002042 external_cores=0.9247038472245291 shared_host=true faults=0
2026-09-10T22:50:06.469 RUN roundoff baseline-b seconds=10.805219666 wall_s=10.830260038375854 own_cpu_s=72.45999999999913 bytes=1816752328 rss=12020805632 external_cpu_s=10.73000000000087 external_cores=0.9907426010068343 shared_host=true faults=0
2026-09-10T22:50:16.855 RUN roundoff retained seconds=10.097450283 wall_s=10.123111963272095 own_cpu_s=67.5 bytes=1816246856 rss=11415896064 external_cpu_s=10.010000000000005 external_cores=0.9888263644932039 shared_host=true faults=0
2026-09-10T22:50:17.015 ROUNDOFF name=baseline_b bitwise=false max_abs=2.2351741790771484e-8
2026-09-10T22:50:17.022 ROUNDOFF name=retained bitwise=false max_abs=2.2351741790771484e-8
2026-09-10T22:50:18.695 RUN final-Paris-9919-S1 baseline warm seconds=1.147357899 wall_s=1.1809439659118652 own_cpu_s=5.130000000001019 bytes=316329640 rss=9823670272 external_cpu_s=2.1899999999989817 external_cores=1.854448698002343 shared_host=true faults=0
2026-09-10T22:50:20.007 RUN final-Paris-9919-S1 retained warm seconds=1.075952343 wall_s=1.107375144958496 own_cpu_s=4.8400000000001455 bytes=311423008 rss=8206880768 external_cpu_s=1.9399999999998547 external_cores=1.7518905032608123 shared_host=true faults=0
2026-09-10T22:50:21.217 RUN final-Paris-9919-S1 baseline pair=1 seconds=1.075286879 wall_s=1.10276198387146 own_cpu_s=5.170000000001892 bytes=313651040 rss=8081915904 external_cpu_s=0.6299999999981081 external_cores=0.5712928167748137 shared_host=true faults=0
2026-09-10T22:50:22.390 RUN final-Paris-9919-S1 retained pair=1 seconds=1.055102422 wall_s=1.0840511322021484 own_cpu_s=4.870000000002619 bytes=317866096 rss=8303382528 external_cpu_s=0.6699999999973807 external_cores=0.6180520273396499 shared_host=true faults=0
2026-09-10T22:50:23.460 RUN final-Paris-9919-S1 retained pair=2 seconds=0.977046204 wall_s=0.978783130645752 own_cpu_s=4.709999999999127 bytes=310802248 rss=8303312896 external_cpu_s=0.5800000000008732 external_cores=0.5925725340384833 shared_host=true faults=0
2026-09-10T22:50:24.630 RUN final-Paris-9919-S1 baseline pair=2 seconds=1.053165943 wall_s=1.0543859004974365 own_cpu_s=5.149999999997817 bytes=317008488 rss=8026779648 external_cpu_s=0.6700000000021831 external_cores=0.6354409706029752 shared_host=true faults=0
2026-09-10T22:50:25.857 RUN final-Paris-9919-S1 baseline pair=3 seconds=1.13376565 wall_s=1.1341180801391602 own_cpu_s=5.149999999997817 bytes=312387528 rss=8252891136 external_cpu_s=0.6700000000021831 external_cores=0.5907674092630388 shared_host=true faults=0
2026-09-10T22:50:26.946 RUN final-Paris-9919-S1 retained pair=3 seconds=0.995199044 wall_s=0.9960308074951172 own_cpu_s=4.729999999999563 bytes=313065576 rss=8342294528 external_cpu_s=0.6500000000004365 external_cores=0.6525902563547191 shared_host=true faults=0
2026-09-10T22:50:26.946 PAIRED label=final-Paris-9919-S1 name=baseline n=3 wall=1.10276198387146 cpu=5.149999999997817 wall_ratio=1.0 ratio_range=(1.0, 1.0) cpu_ratio=1.0 external=(0.5712928167748137, 0.6354409706029752) bytes=3.1365104e8 rss=8252891136
2026-09-10T22:50:26.947 PAIRED label=final-Paris-9919-S1 name=retained n=3 wall=0.9960308074951172 cpu=4.729999999999563 wall_ratio=1.0772415946746094 ratio_range=(1.0172601191156936, 1.1386375517754455) cpu_ratio=1.0887949260038674 external=(0.5925725340384833, 0.6525902563547191) bytes=3.13065576e8 rss=8342294528
2026-09-10T22:50:26.967 ALL_BENCHMARKS_COMPLETE
2026-09-10T22:50:26.967 RESIDENT next=/tmp/opencode/population-approved3/command-6.jl
2026-09-10T23:07:00.760 EXIT benchmark_pid=1013866 retained_source_hashes_verified=true suites_t1_t8_passed=true no_user_process_changed=true
