LOAD rail_and_friends available_GiB=54.90507888793945
[ Info: Startup: Opening Arrow file /home/olie/projects/gtfs_ffs/data/rail_and_friends_res8.arrow
┌ Info: Startup complete: Opening Arrow file /home/olie/projects/gtfs_ffs/data/rail_and_friends_res8.arrow
└   elapsed_s = 3.105458384
[ Info: Startup: Validating and filtering rows
┌ Warning: Skipping 1842 of 36581180 connections: duration_ms outside the two-day UInt32 profile range (90 negative, 1752 overflowing; range (-120000, 1767311700000))
└ @ Main.Reachability ~/projects/gtfs_ffs/router/src/Reachability.jl:99
┌ Info: Startup complete: Validating and filtering rows
└   elapsed_s = 3.280325898
[ Info: Startup: Materializing sort columns
┌ Info: Startup complete: Materializing sort columns
└   elapsed_s = 0.961317287
[ Info: Startup: Indexing and validating H3 endpoints
┌ Info: Startup complete: Indexing and validating H3 endpoints
└   elapsed_s = 1.025266948
┌ Info: Added Elvas-Badajoz fantasy rail shuttle
│   resolution = 8
└   connections = 2342
[ Info: Startup: Sorting connections by edge
┌ Info: Startup complete: Sorting connections by edge
└   elapsed_s = 7.364489436
[ Info: Startup: Packing daily profiles
┌ Info: Startup complete: Packing daily profiles
└   elapsed_s = 5.434937303
[ Info: Startup: Grouping resolution 7 edges
┌ Info: Startup complete: Grouping resolution 7 edges
└   elapsed_s = 0.344221895
[ Info: Startup: Merging resolution 7 profiles
┌ Info: Startup complete: Merging resolution 7 profiles
└   elapsed_s = 4.51438083
[ Info: Startup: Grouping resolution 6 edges
┌ Info: Startup complete: Grouping resolution 6 edges
└   elapsed_s = 0.038550914
[ Info: Startup: Merging resolution 6 profiles
┌ Info: Startup complete: Merging resolution 6 profiles
└   elapsed_s = 2.950047008
[ Info: Startup: Grouping resolution 5 edges
┌ Info: Startup complete: Grouping resolution 5 edges
└   elapsed_s = 0.026147152
[ Info: Startup: Merging resolution 5 profiles
┌ Info: Startup complete: Merging resolution 5 profiles
└   elapsed_s = 1.782833876
[ Info: Startup: Opening population file /home/olie/projects/gtfs_ffs/data/kontur_h3.arrow
┌ Info: Startup complete: Opening population file /home/olie/projects/gtfs_ffs/data/kontur_h3.arrow
└   elapsed_s = 0.321719414
[ Info: Startup: Validating population rows
┌ Info: Startup complete: Validating population rows
└   elapsed_s = 0.503847152
[ Info: Startup: Checking population cell uniqueness
┌ Info: Startup complete: Checking population cell uniqueness
└   elapsed_s = 1.087251758
PREPARE rail_and_friends 5 rss_GiB=5.688045501708984
┌ Info: Preparing resident walking adjacency
│   workers = 8
│   nodes = 15413
└   max_walk_h = 1.0
[ Info: Startup: Counting walking geometry
┌ Info: Startup complete: Counting walking geometry
└   elapsed_s = 0.362129694
[ Info: Startup: Packing walking adjacency
┌ Info: Startup complete: Packing walking adjacency
└   elapsed_s = 0.14743646
[ Info: Startup: Indexing walking output IDs
┌ Info: Startup complete: Indexing walking output IDs
└   elapsed_s = 1.4813e-5
[ Info: Startup: Aggregating population at res5
┌ Info: Startup complete: Aggregating population at res5
└   elapsed_s = 1.275169224
[ Info: Startup: Preparing indexed population weights and walks
┌ Info: Startup complete: Preparing indexed population weights and walks
└   elapsed_s = 0.001938446
MEASURE rail_and_friends 5 Paris 0/0 CPU_ms=1.44 reused=0
MEASURE rail_and_friends 5 Paris 0/1 CPU_ms=1.06 reused=0
MEASURE rail_and_friends 5 Paris 1/0 CPU_ms=1.96 reused=0
MEASURE rail_and_friends 5 Paris 1/1 CPU_ms=3.59 reused=0
MEASURE rail_and_friends 5 Paris 2/0 CPU_ms=42.81 reused=1
MEASURE rail_and_friends 5 Paris 2/1 CPU_ms=42.21 reused=3
MEASURE rail_and_friends 5 Paris 3/0 CPU_ms=13.51 reused=3
MEASURE rail_and_friends 5 Paris 3/1 CPU_ms=1492.17 reused=3
MEASURE rail_and_friends 5 Berlin 0/0 CPU_ms=0.59 reused=0
MEASURE rail_and_friends 5 Berlin 0/1 CPU_ms=21.71 reused=0
MEASURE rail_and_friends 5 Berlin 1/0 CPU_ms=1.44 reused=0
MEASURE rail_and_friends 5 Berlin 1/1 CPU_ms=8.82 reused=0
MEASURE rail_and_friends 5 Berlin 2/0 CPU_ms=9.04 reused=2
MEASURE rail_and_friends 5 Berlin 2/1 CPU_ms=138.56 reused=3
MEASURE rail_and_friends 5 Berlin 3/0 CPU_ms=664.55 reused=3
MEASURE rail_and_friends 5 Berlin 3/1 CPU_ms=3.42 reused=1
MEASURE rail_and_friends 5 Vienna 0/0 CPU_ms=0.41 reused=0
MEASURE rail_and_friends 5 Vienna 0/1 CPU_ms=1.14 reused=0
MEASURE rail_and_friends 5 Vienna 1/0 CPU_ms=12.85 reused=0
MEASURE rail_and_friends 5 Vienna 1/1 CPU_ms=22.57 reused=0
MEASURE rail_and_friends 5 Vienna 2/0 CPU_ms=8.91 reused=3
MEASURE rail_and_friends 5 Vienna 2/1 CPU_ms=14.74 reused=1
MEASURE rail_and_friends 5 Vienna 3/0 CPU_ms=329.07 reused=3
MEASURE rail_and_friends 5 Vienna 3/1 CPU_ms=34.57 reused=1
MEASURE rail_and_friends 5 rural 0/0 CPU_ms=1.8 reused=0
MEASURE rail_and_friends 5 rural 0/1 CPU_ms=4.58 reused=0
MEASURE rail_and_friends 5 rural 1/0 CPU_ms=9.37 reused=0
MEASURE rail_and_friends 5 rural 1/1 CPU_ms=2.0 reused=0
MEASURE rail_and_friends 5 rural 2/0 CPU_ms=142.16 reused=3
MEASURE rail_and_friends 5 rural 2/1 CPU_ms=1.91 reused=1
MEASURE rail_and_friends 5 rural 3/0 CPU_ms=3.24 reused=1
MEASURE rail_and_friends 5 rural 3/1 CPU_ms=2.37 reused=1
MEASURE rail_and_friends 5 Munich 0/0 CPU_ms=53.45 reused=0
MEASURE rail_and_friends 5 Munich 0/1 CPU_ms=0.75 reused=0
MEASURE rail_and_friends 5 Munich 1/0 CPU_ms=19.25 reused=0
MEASURE rail_and_friends 5 Munich 1/1 CPU_ms=23.91 reused=0
MEASURE rail_and_friends 5 Munich 2/0 CPU_ms=2.8 reused=1
MEASURE rail_and_friends 5 Munich 2/1 CPU_ms=2.7 reused=1
MEASURE rail_and_friends 5 Munich 3/0 CPU_ms=2.09 reused=1
MEASURE rail_and_friends 5 Munich 3/1 CPU_ms=26.65 reused=3
MEASURE rail_and_friends 5 London 0/0 CPU_ms=2.77 reused=0
MEASURE rail_and_friends 5 London 0/1 CPU_ms=1.36 reused=0
MEASURE rail_and_friends 5 London 1/0 CPU_ms=2.9 reused=0
MEASURE rail_and_friends 5 London 1/1 CPU_ms=2.19 reused=0
MEASURE rail_and_friends 5 London 2/0 CPU_ms=3.51 reused=1
MEASURE rail_and_friends 5 London 2/1 CPU_ms=3.8 reused=2
MEASURE rail_and_friends 5 London 3/0 CPU_ms=46.7 reused=2
MEASURE rail_and_friends 5 London 3/1 CPU_ms=225.76 reused=3
PREPARE rail_and_friends 6 rss_GiB=5.342227935791016
┌ Info: Preparing resident walking adjacency
│   workers = 8
│   nodes = 36931
└   max_walk_h = 1.0
[ Info: Startup: Counting walking geometry
┌ Info: Startup complete: Counting walking geometry
└   elapsed_s = 0.322740639
[ Info: Startup: Packing walking adjacency
┌ Info: Startup complete: Packing walking adjacency
└   elapsed_s = 0.325261906
[ Info: Startup: Indexing walking output IDs
┌ Info: Startup complete: Indexing walking output IDs
└   elapsed_s = 0.000173521
[ Info: Startup: Aggregating population at res6
┌ Info: Startup complete: Aggregating population at res6
└   elapsed_s = 1.478914064
[ Info: Startup: Preparing indexed population weights and walks
┌ Info: Startup complete: Preparing indexed population weights and walks
└   elapsed_s = 0.003841831
MEASURE rail_and_friends 6 Paris 0/0 CPU_ms=23.54 reused=0
MEASURE rail_and_friends 6 Paris 0/1 CPU_ms=1.76 reused=0
MEASURE rail_and_friends 6 Paris 1/0 CPU_ms=3.21 reused=0
MEASURE rail_and_friends 6 Paris 1/1 CPU_ms=4.47 reused=0
MEASURE rail_and_friends 6 Paris 2/0 CPU_ms=2.8 reused=1
MEASURE rail_and_friends 6 Paris 2/1 CPU_ms=18.14 reused=3
MEASURE rail_and_friends 6 Paris 3/0 CPU_ms=79.18 reused=3
MEASURE rail_and_friends 6 Paris 3/1 CPU_ms=2353.92 reused=3
MEASURE rail_and_friends 6 Berlin 0/0 CPU_ms=2.4 reused=0
MEASURE rail_and_friends 6 Berlin 0/1 CPU_ms=2.12 reused=0
MEASURE rail_and_friends 6 Berlin 1/0 CPU_ms=4.44 reused=0
MEASURE rail_and_friends 6 Berlin 1/1 CPU_ms=17.12 reused=0
MEASURE rail_and_friends 6 Berlin 2/0 CPU_ms=23.04 reused=2
MEASURE rail_and_friends 6 Berlin 2/1 CPU_ms=67.4 reused=3
MEASURE rail_and_friends 6 Berlin 3/0 CPU_ms=782.68 reused=3
MEASURE rail_and_friends 6 Berlin 3/1 CPU_ms=37.15 reused=1
MEASURE rail_and_friends 6 Vienna 0/0 CPU_ms=2.09 reused=0
MEASURE rail_and_friends 6 Vienna 0/1 CPU_ms=3.15 reused=0
MEASURE rail_and_friends 6 Vienna 1/0 CPU_ms=15.3 reused=0
MEASURE rail_and_friends 6 Vienna 1/1 CPU_ms=35.91 reused=0
MEASURE rail_and_friends 6 Vienna 2/0 CPU_ms=36.45 reused=3
MEASURE rail_and_friends 6 Vienna 2/1 CPU_ms=7.45 reused=1
MEASURE rail_and_friends 6 Vienna 3/0 CPU_ms=255.53 reused=3
MEASURE rail_and_friends 6 Vienna 3/1 CPU_ms=7.02 reused=1
MEASURE rail_and_friends 6 rural 0/0 CPU_ms=16.4 reused=0
MEASURE rail_and_friends 6 rural 0/1 CPU_ms=16.17 reused=0
MEASURE rail_and_friends 6 rural 1/0 CPU_ms=1.04 reused=0
MEASURE rail_and_friends 6 rural 1/1 CPU_ms=3.99 reused=0
MEASURE rail_and_friends 6 rural 2/0 CPU_ms=140.75 reused=3
MEASURE rail_and_friends 6 rural 2/1 CPU_ms=2.0 reused=1
MEASURE rail_and_friends 6 rural 3/0 CPU_ms=22.28 reused=0
MEASURE rail_and_friends 6 rural 3/1 CPU_ms=26.2 reused=1
MEASURE rail_and_friends 6 Munich 0/0 CPU_ms=34.55 reused=0
MEASURE rail_and_friends 6 Munich 0/1 CPU_ms=42.68 reused=0
MEASURE rail_and_friends 6 Munich 1/0 CPU_ms=90.19 reused=0
MEASURE rail_and_friends 6 Munich 1/1 CPU_ms=4.1 reused=0
MEASURE rail_and_friends 6 Munich 2/0 CPU_ms=38.61 reused=1
MEASURE rail_and_friends 6 Munich 2/1 CPU_ms=2.41 reused=1
MEASURE rail_and_friends 6 Munich 3/0 CPU_ms=58.9 reused=1
MEASURE rail_and_friends 6 Munich 3/1 CPU_ms=8.71 reused=3
MEASURE rail_and_friends 6 London 0/0 CPU_ms=7.94 reused=0
MEASURE rail_and_friends 6 London 0/1 CPU_ms=0.78 reused=0
MEASURE rail_and_friends 6 London 1/0 CPU_ms=4.85 reused=0
MEASURE rail_and_friends 6 London 1/1 CPU_ms=3.23 reused=0
MEASURE rail_and_friends 6 London 2/0 CPU_ms=5.21 reused=1
MEASURE rail_and_friends 6 London 2/1 CPU_ms=21.37 reused=2
MEASURE rail_and_friends 6 London 3/0 CPU_ms=28.55 reused=2
MEASURE rail_and_friends 6 London 3/1 CPU_ms=491.75 reused=3
PREPARE rail_and_friends 7 rss_GiB=5.541156768798828
┌ Info: Preparing resident walking adjacency
│   workers = 8
│   nodes = 71983
└   max_walk_h = 1.0
[ Info: Startup: Counting walking geometry
┌ Info: Startup complete: Counting walking geometry
└   elapsed_s = 1.599732097
[ Info: Startup: Packing walking adjacency
┌ Info: Startup complete: Packing walking adjacency
└   elapsed_s = 1.61245748
[ Info: Startup: Indexing walking output IDs
┌ Info: Startup complete: Indexing walking output IDs
└   elapsed_s = 0.055165426
[ Info: Startup: Aggregating population at res7
┌ Info: Startup complete: Aggregating population at res7
└   elapsed_s = 2.553298189
[ Info: Startup: Preparing indexed population weights and walks
┌ Info: Startup complete: Preparing indexed population weights and walks
└   elapsed_s = 0.073311432
MEASURE rail_and_friends 7 Paris 0/0 CPU_ms=0.59 reused=0
MEASURE rail_and_friends 7 Paris 0/1 CPU_ms=5.41 reused=0
MEASURE rail_and_friends 7 Paris 1/0 CPU_ms=60.58 reused=0
MEASURE rail_and_friends 7 Paris 1/1 CPU_ms=41.65 reused=0
MEASURE rail_and_friends 7 Paris 2/0 CPU_ms=4.88 reused=1
MEASURE rail_and_friends 7 Paris 2/1 CPU_ms=176.46 reused=3
MEASURE rail_and_friends 7 Paris 3/0 CPU_ms=370.5 reused=3
MEASURE rail_and_friends 7 Paris 3/1 CPU_ms=6593.48 reused=3
MEASURE rail_and_friends 7 Berlin 0/0 CPU_ms=1.47 reused=0
MEASURE rail_and_friends 7 Berlin 0/1 CPU_ms=3.02 reused=0
MEASURE rail_and_friends 7 Berlin 1/0 CPU_ms=26.49 reused=0
MEASURE rail_and_friends 7 Berlin 1/1 CPU_ms=74.09 reused=0
MEASURE rail_and_friends 7 Berlin 2/0 CPU_ms=34.83 reused=2
MEASURE rail_and_friends 7 Berlin 2/1 CPU_ms=112.48 reused=3
MEASURE rail_and_friends 7 Berlin 3/0 CPU_ms=1747.67 reused=3
MEASURE rail_and_friends 7 Berlin 3/1 CPU_ms=20.24 reused=1
MEASURE rail_and_friends 7 Vienna 0/0 CPU_ms=3.06 reused=0
MEASURE rail_and_friends 7 Vienna 0/1 CPU_ms=13.86 reused=0
MEASURE rail_and_friends 7 Vienna 1/0 CPU_ms=45.63 reused=0
MEASURE rail_and_friends 7 Vienna 1/1 CPU_ms=330.6 reused=0
MEASURE rail_and_friends 7 Vienna 2/0 CPU_ms=7.15 reused=2
MEASURE rail_and_friends 7 Vienna 2/1 CPU_ms=2.6 reused=1
MEASURE rail_and_friends 7 Vienna 3/0 CPU_ms=233.83 reused=3
MEASURE rail_and_friends 7 Vienna 3/1 CPU_ms=2.82 reused=1
MEASURE rail_and_friends 7 rural 0/0 CPU_ms=1.03 reused=0
MEASURE rail_and_friends 7 rural 0/1 CPU_ms=28.22 reused=0
MEASURE rail_and_friends 7 rural 1/0 CPU_ms=1.1 reused=0
MEASURE rail_and_friends 7 rural 1/1 CPU_ms=35.11 reused=0
MEASURE rail_and_friends 7 rural 2/0 CPU_ms=32.32 reused=1
MEASURE rail_and_friends 7 rural 2/1 CPU_ms=3.1 reused=0
MEASURE rail_and_friends 7 rural 3/0 CPU_ms=5.24 reused=0
MEASURE rail_and_friends 7 rural 3/1 CPU_ms=10.3 reused=1
MEASURE rail_and_friends 7 Munich 0/0 CPU_ms=25.65 reused=0
MEASURE rail_and_friends 7 Munich 0/1 CPU_ms=1.67 reused=0
MEASURE rail_and_friends 7 Munich 1/0 CPU_ms=460.06 reused=0
MEASURE rail_and_friends 7 Munich 1/1 CPU_ms=4.68 reused=0
MEASURE rail_and_friends 7 Munich 2/0 CPU_ms=18.39 reused=1
MEASURE rail_and_friends 7 Munich 2/1 CPU_ms=2.8 reused=1
MEASURE rail_and_friends 7 Munich 3/0 CPU_ms=17.76 reused=1
MEASURE rail_and_friends 7 Munich 3/1 CPU_ms=26.31 reused=3
MEASURE rail_and_friends 7 London 0/0 CPU_ms=7.48 reused=0
MEASURE rail_and_friends 7 London 0/1 CPU_ms=1.85 reused=0
MEASURE rail_and_friends 7 London 1/0 CPU_ms=4.64 reused=0
MEASURE rail_and_friends 7 London 1/1 CPU_ms=7.88 reused=0
MEASURE rail_and_friends 7 London 2/0 CPU_ms=3.01 reused=1
MEASURE rail_and_friends 7 London 2/1 CPU_ms=15.21 reused=2
MEASURE rail_and_friends 7 London 3/0 CPU_ms=11.94 reused=2
MEASURE rail_and_friends 7 London 3/1 CPU_ms=944.71 reused=3
PREPARE rail_and_friends 8 rss_GiB=5.952362060546875
┌ Info: Preparing resident walking adjacency
│   workers = 8
│   nodes = 125488
└   max_walk_h = 1.0
[ Info: Startup: Counting walking geometry
┌ Info: Startup complete: Counting walking geometry
└   elapsed_s = 12.514859537
[ Info: Startup: Packing walking adjacency
┌ Info: Startup complete: Packing walking adjacency
└   elapsed_s = 12.745923684
[ Info: Startup: Indexing walking output IDs
┌ Info: Startup complete: Indexing walking output IDs
└   elapsed_s = 0.879773506
[ Info: Startup: Aggregating population at res8
┌ Info: Startup complete: Aggregating population at res8
└   elapsed_s = 6.158780955
[ Info: Startup: Preparing indexed population weights and walks
┌ Info: Startup complete: Preparing indexed population weights and walks
└   elapsed_s = 0.782120478
MEASURE rail_and_friends 8 Paris 0/0 CPU_ms=0.64 reused=0
MEASURE rail_and_friends 8 Paris 0/1 CPU_ms=4.45 reused=0
MEASURE rail_and_friends 8 Paris 1/0 CPU_ms=255.38 reused=0
MEASURE rail_and_friends 8 Paris 1/1 CPU_ms=104.09 reused=0
MEASURE rail_and_friends 8 Paris 2/0 CPU_ms=75.76 reused=1
MEASURE rail_and_friends 8 Paris 2/1 CPU_ms=627.46 reused=3
MEASURE rail_and_friends 8 Paris 3/0 CPU_ms=985.79 reused=3
MEASURE rail_and_friends 8 Paris 3/1 CPU_ms=9940.85 reused=3
MEASURE rail_and_friends 8 Berlin 0/0 CPU_ms=2.86 reused=0
MEASURE rail_and_friends 8 Berlin 0/1 CPU_ms=8.57 reused=0
MEASURE rail_and_friends 8 Berlin 1/0 CPU_ms=62.13 reused=0
MEASURE rail_and_friends 8 Berlin 1/1 CPU_ms=324.7 reused=0
MEASURE rail_and_friends 8 Berlin 2/0 CPU_ms=82.84 reused=2
MEASURE rail_and_friends 8 Berlin 2/1 CPU_ms=74.99 reused=3
MEASURE rail_and_friends 8 Berlin 3/0 CPU_ms=3204.38 reused=3
MEASURE rail_and_friends 8 Berlin 3/1 CPU_ms=3.81 reused=1
MEASURE rail_and_friends 8 Vienna 0/0 CPU_ms=2.5 reused=0
MEASURE rail_and_friends 8 Vienna 0/1 CPU_ms=54.72 reused=0
MEASURE rail_and_friends 8 Vienna 1/0 CPU_ms=153.14 reused=0
MEASURE rail_and_friends 8 Vienna 1/1 CPU_ms=113.9 reused=0
MEASURE rail_and_friends 8 Vienna 2/0 CPU_ms=51.35 reused=3
MEASURE rail_and_friends 8 Vienna 2/1 CPU_ms=31.74 reused=1
MEASURE rail_and_friends 8 Vienna 3/0 CPU_ms=650.35 reused=3
MEASURE rail_and_friends 8 Vienna 3/1 CPU_ms=4.52 reused=1
MEASURE rail_and_friends 8 rural 0/0 CPU_ms=44.36 reused=0
MEASURE rail_and_friends 8 rural 0/1 CPU_ms=1.45 reused=0
MEASURE rail_and_friends 8 rural 1/0 CPU_ms=2.52 reused=0
MEASURE rail_and_friends 8 rural 1/1 CPU_ms=16.37 reused=0
MEASURE rail_and_friends 8 rural 2/0 CPU_ms=77.73 reused=1
MEASURE rail_and_friends 8 rural 2/1 CPU_ms=3.9 reused=0
MEASURE rail_and_friends 8 rural 3/0 CPU_ms=3.85 reused=0
MEASURE rail_and_friends 8 rural 3/1 CPU_ms=5.61 reused=0
MEASURE rail_and_friends 8 Munich 0/0 CPU_ms=1.48 reused=0
MEASURE rail_and_friends 8 Munich 0/1 CPU_ms=1.54 reused=0
MEASURE rail_and_friends 8 Munich 1/0 CPU_ms=191.46 reused=0
MEASURE rail_and_friends 8 Munich 1/1 CPU_ms=41.54 reused=0
MEASURE rail_and_friends 8 Munich 2/0 CPU_ms=1.95 reused=1
MEASURE rail_and_friends 8 Munich 2/1 CPU_ms=5.18 reused=1
MEASURE rail_and_friends 8 Munich 3/0 CPU_ms=4.16 reused=1
MEASURE rail_and_friends 8 Munich 3/1 CPU_ms=42.63 reused=3
MEASURE rail_and_friends 8 London 0/0 CPU_ms=13.94 reused=0
MEASURE rail_and_friends 8 London 0/1 CPU_ms=2.49 reused=0
MEASURE rail_and_friends 8 London 1/0 CPU_ms=9.37 reused=0
MEASURE rail_and_friends 8 London 1/1 CPU_ms=13.91 reused=0
MEASURE rail_and_friends 8 London 2/0 CPU_ms=3.25 reused=1
MEASURE rail_and_friends 8 London 2/1 CPU_ms=48.34 reused=1
MEASURE rail_and_friends 8 London 3/0 CPU_ms=17.19 reused=2
MEASURE rail_and_friends 8 London 3/1 CPU_ms=980.98 reused=3
